instance n500m10E n=500 m=10 start cost 65653 (greedy)
[n500m10E] t=5.0 iter=5923 acc=3748 impr=97 cur=18636 best=18522 T=56.95 evals=204864597
[n500m10E] t=10.0 iter=11856 acc=7404 impr=98 cur=19189 best=18521 T=50.27 evals=409768582
[n500m10E] t=15.0 iter=17673 acc=11002 impr=98 cur=18972 best=18521 T=44.37 evals=610938996
[n500m10E] t=20.0 iter=23410 acc=14554 impr=100 cur=18517 best=18477 T=39.16 evals=808213509
[n500m10E] t=25.0 iter=29134 acc=18060 impr=101 cur=18621 best=18466 T=34.56 evals=1004724527
[n500m10E] t=30.0 iter=34843 acc=21572 impr=101 cur=18846 best=18466 T=30.51 evals=1201716923
[n500m10E] t=35.0 iter=40625 acc=25074 impr=101 cur=18666 best=18466 T=26.93 evals=1399006042
PUBLISHED ../../pool/n500m10E/n500m10E_18464_window.txt
[n500m10E] t=40.0 iter=46299 acc=28557 impr=102 cur=18528 best=18464 T=23.77 evals=1594815947
[n500m10E] t=45.0 iter=52214 acc=32171 impr=102 cur=18516 best=18464 T=20.98 evals=1795943223
[n500m10E] t=50.0 iter=58166 acc=35745 impr=102 cur=18568 best=18464 T=18.52 evals=2001702054
[n500m10E] t=55.0 iter=64191 acc=39358 impr=103 cur=18541 best=18455 T=16.34 evals=2206620427
[n500m10E] t=60.0 iter=70212 acc=42973 impr=103 cur=18477 best=18455 T=14.42 evals=2412323489
[n500m10E] t=65.0 iter=76102 acc=46430 impr=103 cur=18496 best=18455 T=12.73 evals=2615709795
[n500m10E] t=70.0 iter=82069 acc=50042 impr=103 cur=18511 best=18455 T=11.24 evals=2821048378
[n500m10E] t=75.0 iter=87961 acc=53607 impr=103 cur=18509 best=18455 T=9.92 evals=3021704490
[n500m10E] t=80.0 iter=93645 acc=57029 impr=103 cur=18477 best=18455 T=8.75 evals=3217874861
[n500m10E] t=85.0 iter=99385 acc=60436 impr=103 cur=18477 best=18455 T=7.73 evals=3414206335
[n500m10E] t=90.0 iter=103625 acc=62933 impr=103 cur=18468 best=18455 T=6.82 evals=3561223031
[n500m10E] t=95.0 iter=109124 acc=66127 impr=103 cur=18477 best=18455 T=6.02 evals=3750942674
[n500m10E] t=100.0 iter=114627 acc=69343 impr=103 cur=18455 best=18455 T=5.31 evals=3940217843
[n500m10E] t=105.0 iter=120287 acc=72667 impr=103 cur=18460 best=18455 T=4.69 evals=4137296594
[n500m10E] t=110.0 iter=124116 acc=74898 impr=103 cur=18455 best=18455 T=4.14 evals=4269857631
[n500m10E] t=115.0 iter=129212 acc=77887 impr=103 cur=18455 best=18455 T=3.65 evals=4445015258
[n500m10E] ILS done iter=134671 best=18455 (1122.4 it/s)
PUBLISHED ../../pool/n500m10E/n500m10E_18455_window.txt
FINAL n500m10E cost 18455 time 120.0
