instance n1000m15E n=1000 m=15 start cost 5095 (../../pool/n1000m15E/n1000m15E_5095_window.txt) mode=window
after LS: 5095
    win T0=121 T1=332 R=15 F=61 S=105/107 A=3316 ubw=5095 gap=41 obj=5095 bound=5095.0 nodes=1 opt=1 t=0.130
    win T0=226 T1=437 R=15 F=62 S=606/740 A=12589 ubw=5095 gap=214 obj=5095 bound=5095.0 nodes=1 opt=1 t=1.004
    win T0=331 T1=542 R=15 F=59 S=309/361 A=8993 ubw=5095 gap=174 obj=5095 bound=5095.0 nodes=1 opt=1 t=0.698
    win T0=436 T1=647 R=15 F=58 S=69/71 A=1341 ubw=4525 gap=12 obj=4525 bound=4525.0 nodes=1 opt=1 t=0.036
    win T0=541 T1=752 R=15 F=59 S=68/69 A=1827 ubw=4525 gap=12 obj=4525 bound=4525.0 nodes=1 opt=1 t=0.054
    win T0=856 T1=1067 R=15 F=57 S=231/298 A=5245 ubw=4255 gap=195 obj=4255 bound=4255.0 nodes=1 opt=1 t=0.299
    win T0=961 T1=1172 R=15 F=67 S=829/1062 A=16881 ubw=4208 gap=536 obj=4208 bound=4208.0 nodes=1 opt=1 t=1.386
    win T0=1066 T1=1277 R=15 F=71 S=602/740 A=14703 ubw=4208 gap=417 obj=4208 bound=4208.0 nodes=1 opt=1 t=1.021
    win T0=1171 T1=1382 R=15 F=64 S=691/727 A=17065 ubw=2839 gap=408 obj=2839 bound=2839.0 nodes=1 opt=1 t=1.404
    win T0=1381 T1=1592 R=15 F=62 S=270/307 A=7505 ubw=2170 gap=130 obj=2170 bound=2170.0 nodes=1 opt=1 t=0.427
    win T0=1486 T1=1697 R=15 F=63 S=202/261 A=5701 ubw=2170 gap=130 obj=2170 bound=2170.0 nodes=1 opt=1 t=0.296
    win T0=1591 T1=1802 R=15 F=58 S=64/64 A=1337 ubw=2170 gap=14 obj=2170 bound=2170.0 nodes=1 opt=1 t=0.027
    win T0=1696 T1=1907 R=15 F=60 S=65/65 A=1103 ubw=1870 gap=14 obj=1870 bound=1870.0 nodes=1 opt=1 t=0.038
    win T0=2641 T1=2852 R=15 F=66 S=78/78 A=1747 ubw=1410 gap=16 obj=1410 bound=1410.0 nodes=1 opt=1 t=0.040
    win T0=2746 T1=2957 R=15 F=68 S=85/85 A=2180 ubw=1410 gap=16 obj=1410 bound=1410.0 nodes=1 opt=1 t=0.120
    win T0=3271 T1=3482 R=15 F=55 S=84/89 A=2769 ubw=198 gap=44 obj=198 bound=198.0 nodes=1 opt=1 t=0.108
    win T0=3376 T1=3587 R=15 F=60 S=121/139 A=2703 ubw=198 gap=44 obj=198 bound=198.0 nodes=1 opt=1 t=0.135
sweep 1 delta 0 cost 5095
[n1000m15E] t=7.3 windows=35 improved=0 gain=0 lbProven=18 optimal=17 timeouts=0 skipped=0 avgFree=30.0 avgStates=128 avgArcs=3057 lbTime=0.0s mipTime=7.2s (0.206s/win)
    win T0=122 T1=333 R=15 F=61 S=105/107 A=3316 ubw=5095 gap=41 obj=5095 bound=5095.0 nodes=1 opt=1 t=0.125
    win T0=227 T1=438 R=15 F=63 S=607/741 A=13101 ubw=5095 gap=214 obj=5095 bound=5095.0 nodes=1 opt=1 t=1.032
    win T0=332 T1=543 R=15 F=59 S=309/361 A=8993 ubw=5095 gap=174 obj=5095 bound=5095.0 nodes=1 opt=1 t=0.687
    win T0=437 T1=648 R=15 F=58 S=69/71 A=1341 ubw=4525 gap=12 obj=4525 bound=4525.0 nodes=1 opt=1 t=0.036
    win T0=542 T1=753 R=15 F=58 S=67/68 A=1822 ubw=4525 gap=12 obj=4525 bound=4525.0 nodes=1 opt=1 t=0.053
    win T0=857 T1=1068 R=15 F=57 S=231/298 A=5245 ubw=4255 gap=195 obj=4255 bound=4255.0 nodes=1 opt=1 t=0.299
    win T0=962 T1=1173 R=15 F=67 S=829/1062 A=16881 ubw=4208 gap=536 obj=4208 bound=4208.0 nodes=1 opt=1 t=1.362
    win T0=1067 T1=1278 R=15 F=71 S=602/740 A=14703 ubw=4208 gap=417 obj=4208 bound=4208.0 nodes=1 opt=1 t=1.015
    win T0=1172 T1=1383 R=15 F=64 S=691/727 A=17065 ubw=2839 gap=408 obj=2839 bound=2839.0 nodes=1 opt=1 t=1.413
    win T0=1382 T1=1593 R=15 F=63 S=273/313 A=7625 ubw=2170 gap=130 obj=2170 bound=2170.0 nodes=1 opt=1 t=0.418
    win T0=1487 T1=1698 R=15 F=63 S=202/261 A=5701 ubw=2170 gap=130 obj=2170 bound=2170.0 nodes=1 opt=1 t=0.296
    win T0=1592 T1=1803 R=15 F=58 S=64/64 A=1337 ubw=2170 gap=14 obj=2170 bound=2170.0 nodes=1 opt=1 t=0.027
    win T0=1697 T1=1908 R=15 F=60 S=65/65 A=1103 ubw=1870 gap=14 obj=1870 bound=1870.0 nodes=1 opt=1 t=0.038
    win T0=2642 T1=2853 R=15 F=66 S=78/78 A=1747 ubw=1410 gap=16 obj=1410 bound=1410.0 nodes=1 opt=1 t=0.041
    win T0=2747 T1=2958 R=15 F=67 S=84/84 A=2162 ubw=1410 gap=16 obj=1410 bound=1410.0 nodes=1 opt=1 t=0.123
    win T0=3272 T1=3483 R=15 F=57 S=86/91 A=2848 ubw=198 gap=44 obj=198 bound=198.0 nodes=1 opt=1 t=0.103
    win T0=3377 T1=3588 R=15 F=59 S=120/138 A=2641 ubw=198 gap=44 obj=198 bound=198.0 nodes=1 opt=1 t=0.130
sweep 2 delta 0 cost 5095
[n1000m15E] t=14.5 windows=70 improved=0 gain=0 lbProven=36 optimal=34 timeouts=0 skipped=0 avgFree=30.0 avgStates=128 avgArcs=3066 lbTime=0.0s mipTime=14.4s (0.205s/win)
    win T0=168 T1=379 R=15 F=65 S=220/275 A=4426 ubw=5095 gap=98 obj=5095 bound=5095.0 nodes=1 opt=1 t=0.230
    win T0=273 T1=484 R=15 F=60 S=453/558 A=11329 ubw=5095 gap=198 obj=5095 bound=5095.0 nodes=1 opt=1 t=0.952
    win T0=378 T1=589 R=15 F=66 S=239/282 A=5507 ubw=4839 gap=149 obj=4839 bound=4839.0 nodes=1 opt=1 t=0.278
    win T0=483 T1=694 R=15 F=62 S=73/75 A=1521 ubw=4525 gap=12 obj=4525 bound=4525.0 nodes=1 opt=1 t=0.049
    win T0=903 T1=1114 R=15 F=61 S=391/529 A=7387 ubw=4255 gap=231 obj=4255 bound=4255.0 nodes=1 opt=1 t=0.580
    win T0=1008 T1=1219 R=15 F=73 S=995/1259 A=20693 ubw=4208 gap=603 obj=4208 bound=4208.0 nodes=1 opt=1 t=1.817
    win T0=1113 T1=1324 R=15 F=70 S=751/863 A=16560 ubw=3311 gap=417 obj=3311 bound=3311.0 nodes=1 opt=1 t=1.364
    win T0=1428 T1=1639 R=15 F=62 S=227/283 A=5783 ubw=2170 gap=130 obj=2170 bound=2170.0 nodes=1 opt=1 t=0.321
    win T0=1533 T1=1744 R=15 F=63 S=206/230 A=5931 ubw=2170 gap=218 obj=2170 bound=2170.0 nodes=1 opt=1 t=0.311
    win T0=1638 T1=1849 R=15 F=56 S=59/59 A=1165 ubw=1870 gap=14 obj=1870 bound=1870.0 nodes=1 opt=1 t=0.021
    win T0=1743 T1=1954 R=15 F=60 S=65/65 A=1533 ubw=1870 gap=14 obj=1870 bound=1870.0 nodes=1 opt=1 t=0.042
    win T0=2688 T1=2899 R=15 F=68 S=81/81 A=1686 ubw=1410 gap=16 obj=1410 bound=1410.0 nodes=1 opt=1 t=0.034
    win T0=2793 T1=3004 R=15 F=65 S=81/81 A=2505 ubw=1410 gap=16 obj=1410 bound=1410.0 nodes=1 opt=1 t=0.066
    win T0=3318 T1=3529 R=15 F=69 S=132/150 A=3385 ubw=198 gap=44 obj=198 bound=198.0 nodes=1 opt=1 t=0.152
    win T0=3423 T1=3634 R=15 F=45 S=94/109 A=1744 ubw=198 gap=44 obj=198 bound=198.0 nodes=1 opt=1 t=0.110
sweep 3 delta 0 cost 5095
[n1000m15E] t=20.8 windows=104 improved=0 gain=0 lbProven=55 optimal=49 timeouts=0 skipped=0 avgFree=29.3 avgStates=125 avgArcs=2940 lbTime=0.1s mipTime=20.7s (0.199s/win)
    win T0=121 T1=332 R=15 F=61 S=105/107 A=3316 ubw=5095 gap=41 obj=5095 bound=5095.0 nodes=1 opt=1 t=0.127
    win T0=226 T1=437 R=15 F=62 S=606/740 A=12589 ubw=5095 gap=214 obj=5095 bound=5095.0 nodes=1 opt=1 t=1.009
    win T0=331 T1=542 R=15 F=59 S=309/361 A=8993 ubw=5095 gap=174 obj=5095 bound=5095.0 nodes=1 opt=1 t=0.695
    win T0=436 T1=647 R=15 F=58 S=69/71 A=1341 ubw=4525 gap=12 obj=4525 bound=4525.0 nodes=1 opt=1 t=0.037
    win T0=541 T1=752 R=15 F=59 S=68/69 A=1827 ubw=4525 gap=12 obj=4525 bound=4525.0 nodes=1 opt=1 t=0.055
    win T0=856 T1=1067 R=15 F=57 S=231/298 A=5245 ubw=4255 gap=195 obj=4255 bound=4255.0 nodes=1 opt=1 t=0.304
    win T0=961 T1=1172 R=15 F=67 S=829/1062 A=16881 ubw=4208 gap=536 obj=4208 bound=4208.0 nodes=1 opt=1 t=1.383
    win T0=1066 T1=1277 R=15 F=71 S=602/740 A=14703 ubw=4208 gap=417 obj=4208 bound=4208.0 nodes=1 opt=1 t=1.032
    win T0=1171 T1=1382 R=15 F=64 S=691/727 A=17065 ubw=2839 gap=408 obj=2839 bound=2839.0 nodes=1 opt=1 t=1.447
    win T0=1381 T1=1592 R=15 F=62 S=270/307 A=7505 ubw=2170 gap=130 obj=2170 bound=2170.0 nodes=1 opt=1 t=0.428
    win T0=1486 T1=1697 R=15 F=63 S=202/261 A=5701 ubw=2170 gap=130 obj=2170 bound=2170.0 nodes=1 opt=1 t=0.299
    win T0=1591 T1=1802 R=15 F=58 S=64/64 A=1337 ubw=2170 gap=14 obj=2170 bound=2170.0 nodes=1 opt=1 t=0.028
    win T0=1696 T1=1907 R=15 F=60 S=65/65 A=1103 ubw=1870 gap=14 obj=1870 bound=1870.0 nodes=1 opt=1 t=0.037
    win T0=2641 T1=2852 R=15 F=66 S=78/78 A=1747 ubw=1410 gap=16 obj=1410 bound=1410.0 nodes=1 opt=1 t=0.040
    win T0=2746 T1=2957 R=15 F=68 S=85/85 A=2180 ubw=1410 gap=16 obj=1410 bound=1410.0 nodes=1 opt=1 t=0.123
    win T0=3271 T1=3482 R=15 F=55 S=84/89 A=2769 ubw=198 gap=44 obj=198 bound=198.0 nodes=1 opt=1 t=0.109
    win T0=3376 T1=3587 R=15 F=60 S=121/139 A=2703 ubw=198 gap=44 obj=198 bound=198.0 nodes=1 opt=1 t=0.135
sweep 4 delta 0 cost 5095
[n1000m15E] t=28.1 windows=139 improved=0 gain=0 lbProven=73 optimal=66 timeouts=0 skipped=0 avgFree=29.5 avgStates=126 avgArcs=2970 lbTime=0.1s mipTime=27.9s (0.201s/win)
    win T0=215 T1=426 R=15 F=66 S=617/752 A=12733 ubw=5095 gap=214 obj=5095 bound=5095.0 nodes=1 opt=1 t=1.105
    win T0=320 T1=531 R=15 F=63 S=444/521 A=13186 ubw=5095 gap=198 obj=5095 bound=5095.0 nodes=1 opt=1 t=1.215
    win T0=425 T1=636 R=15 F=58 S=69/71 A=1352 ubw=4525 gap=12 obj=4525 bound=4525.0 nodes=1 opt=1 t=0.037
    win T0=530 T1=741 R=15 F=59 S=68/69 A=1745 ubw=4525 gap=12 obj=4525 bound=4525.0 nodes=1 opt=1 t=0.055
    win T0=845 T1=1056 R=15 F=56 S=238/304 A=5422 ubw=4255 gap=195 obj=4255 bound=4255.0 nodes=1 opt=1 t=0.355
    win T0=950 T1=1161 R=15 F=68 S=1599/1911 A=42695 ubw=4208 gap=689 obj=4208 bound=-inf nodes=0 opt=0 t=2.234
    win T0=1055 T1=1266 R=15 F=69 S=583/719 A=13266 ubw=4208 gap=417 obj=4208 bound=4208.0 nodes=1 opt=1 t=1.012
    win T0=1160 T1=1371 R=15 F=66 S=746/789 A=18194 ubw=3140 gap=417 obj=3140 bound=3140.0 nodes=1 opt=1 t=1.951
    win T0=1370 T1=1581 R=15 F=63 S=261/287 A=7745 ubw=2170 gap=130 obj=2170 bound=2170.0 nodes=1 opt=1 t=0.462
    win T0=1475 T1=1686 R=15 F=59 S=197/256 A=5105 ubw=2170 gap=130 obj=2170 bound=2170.0 nodes=1 opt=1 t=0.288
    win T0=1580 T1=1791 R=15 F=57 S=65/65 A=1278 ubw=2170 gap=14 obj=2170 bound=2170.0 nodes=1 opt=1 t=0.049
    win T0=1685 T1=1896 R=15 F=60 S=64/65 A=1080 ubw=1870 gap=14 obj=1870 bound=1870.0 nodes=1 opt=1 t=0.035
    win T0=2630 T1=2841 R=15 F=66 S=78/78 A=1858 ubw=1410 gap=16 obj=1410 bound=1410.0 nodes=1 opt=1 t=0.052
    win T0=2735 T1=2946 R=15 F=71 S=88/88 A=2245 ubw=1410 gap=16 obj=1410 bound=1410.0 nodes=1 opt=1 t=0.123
    win T0=3260 T1=3471 R=15 F=57 S=63/64 A=2707 ubw=198 gap=22 obj=198 bound=198.0 nodes=1 opt=1 t=0.081
    win T0=3365 T1=3576 R=15 F=62 S=123/141 A=2834 ubw=198 gap=44 obj=198 bound=198.0 nodes=1 opt=1 t=0.136
    win T0=3470 T1=3681 R=15 F=25 S=52/67 A=896 ubw=198 gap=44 obj=198 bound=198.0 nodes=1 opt=1 t=0.052
sweep 5 delta 0 cost 5095
[n1000m15E] t=37.4 windows=174 improved=0 gain=0 lbProven=91 optimal=82 timeouts=1 skipped=0 avgFree=29.4 avgStates=131 avgArcs=3144 lbTime=0.1s mipTime=37.2s (0.214s/win)
    win T0=140 T1=351 R=15 F=61 S=104/109 A=3072 ubw=5095 gap=41 obj=5095 bound=5095.0 nodes=1 opt=1 t=0.122
    win T0=245 T1=456 R=15 F=60 S=574/695 A=12613 ubw=5095 gap=214 obj=5095 bound=5095.0 nodes=1 opt=1 t=1.029
    win T0=350 T1=561 R=15 F=63 S=318/420 A=9189 ubw=5095 gap=174 obj=5095 bound=5095.0 nodes=1 opt=1 t=0.614
    win T0=455 T1=666 R=15 F=61 S=72/74 A=1437 ubw=4525 gap=12 obj=4525 bound=4525.0 nodes=1 opt=1 t=0.051
    win T0=875 T1=1086 R=15 F=58 S=360/525 A=6783 ubw=4255 gap=231 obj=4255 bound=4255.0 nodes=1 opt=1 t=0.439
    win T0=980 T1=1191 R=15 F=69 S=787/982 A=15950 ubw=4208 gap=536 obj=4208 bound=4208.0 nodes=1 opt=1 t=1.265
    win T0=1085 T1=1296 R=15 F=67 S=549/635 A=13073 ubw=3311 gap=417 obj=3311 bound=3311.0 nodes=1 opt=1 t=0.965
    win T0=1190 T1=1401 R=15 F=61 S=518/526 A=13490 ubw=2839 gap=318 obj=2839 bound=2839.0 nodes=1 opt=1 t=0.985
    win T0=1400 T1=1611 R=15 F=66 S=287/336 A=7938 ubw=2170 gap=130 obj=2170 bound=2170.0 nodes=1 opt=1 t=0.456
    win T0=1505 T1=1716 R=15 F=64 S=394/424 A=12671 ubw=2170 gap=257 obj=2170 bound=2170.0 nodes=1 opt=1 t=1.245
    win T0=1610 T1=1821 R=15 F=53 S=56/56 A=1285 ubw=1870 gap=14 obj=1870 bound=1870.0 nodes=1 opt=1 t=0.022
    win T0=1715 T1=1926 R=15 F=59 S=64/64 A=1223 ubw=1870 gap=14 obj=1870 bound=1870.0 nodes=1 opt=1 t=0.033
    win T0=2660 T1=2871 R=15 F=69 S=82/82 A=1729 ubw=1410 gap=16 obj=1410 bound=1410.0 nodes=0 opt=1 t=0.078
    win T0=2765 T1=2976 R=15 F=64 S=81/81 A=2264 ubw=1410 gap=16 obj=1410 bound=1410.0 nodes=1 opt=1 t=0.065
    win T0=3290 T1=3501 R=15 F=63 S=103/113 A=3185 ubw=198 gap=44 obj=198 bound=198.0 nodes=1 opt=1 t=0.112
    win T0=3395 T1=3606 R=15 F=52 S=111/129 A=2214 ubw=198 gap=44 obj=198 bound=198.0 nodes=1 opt=1 t=0.121
sweep 6 delta 0 cost 5095
[n1000m15E] t=45.0 windows=209 improved=0 gain=0 lbProven=110 optimal=98 timeouts=1 skipped=0 avgFree=29.2 avgStates=131 avgArcs=3135 lbTime=0.1s mipTime=44.7s (0.214s/win)
    win T0=162 T1=373 R=15 F=64 S=216/262 A=4400 ubw=5095 gap=98 obj=5095 bound=5095.0 nodes=1 opt=1 t=0.223
    win T0=267 T1=478 R=15 F=60 S=488/596 A=11441 ubw=5095 gap=198 obj=5095 bound=5095.0 nodes=1 opt=1 t=0.763
    win T0=372 T1=583 R=15 F=64 S=233/276 A=5397 ubw=4839 gap=149 obj=4839 bound=4839.0 nodes=1 opt=1 t=0.266
    win T0=477 T1=688 R=15 F=65 S=76/78 A=1630 ubw=4525 gap=12 obj=4525 bound=4525.0 nodes=1 opt=1 t=0.057
    win T0=897 T1=1108 R=15 F=61 S=387/535 A=7565 ubw=4255 gap=231 obj=4255 bound=4255.0 nodes=1 opt=1 t=0.555
    win T0=1002 T1=1213 R=15 F=71 S=713/915 A=13406 ubw=4208 gap=531 obj=4208 bound=4208.0 nodes=1 opt=1 t=0.913
    win T0=1107 T1=1318 R=15 F=71 S=781/895 A=17775 ubw=3311 gap=417 obj=3311 bound=3311.0 nodes=1 opt=1 t=1.463
    win T0=1422 T1=1633 R=15 F=62 S=228/283 A=5775 ubw=2170 gap=130 obj=2170 bound=2170.0 nodes=1 opt=1 t=0.319
    win T0=1527 T1=1738 R=15 F=62 S=204/229 A=5908 ubw=2170 gap=218 obj=2170 bound=2170.0 nodes=1 opt=1 t=0.312
    win T0=1632 T1=1843 R=15 F=57 S=60/60 A=1197 ubw=1870 gap=14 obj=1870 bound=1870.0 nodes=1 opt=1 t=0.028
    win T0=1737 T1=1948 R=15 F=59 S=64/64 A=1403 ubw=1870 gap=14 obj=1870 bound=1870.0 nodes=1 opt=1 t=0.037
    win T0=2682 T1=2893 R=15 F=71 S=84/84 A=1818 ubw=1410 gap=16 obj=1410 bound=1410.0 nodes=1 opt=1 t=0.036
    win T0=2787 T1=2998 R=15 F=65 S=82/82 A=2565 ubw=1410 gap=16 obj=1410 bound=1410.0 nodes=1 opt=1 t=0.071
    win T0=3312 T1=3523 R=15 F=71 S=134/152 A=3532 ubw=198 gap=44 obj=198 bound=198.0 nodes=1 opt=1 t=0.154
    win T0=3417 T1=3628 R=15 F=45 S=94/109 A=1744 ubw=198 gap=44 obj=198 bound=198.0 nodes=1 opt=1 t=0.109
sweep 7 delta 0 cost 5095
[n1000m15E] t=50.3 windows=244 improved=0 gain=0 lbProven=130 optimal=113 timeouts=1 skipped=0 avgFree=28.9 avgStates=128 avgArcs=3036 lbTime=0.1s mipTime=50.0s (0.205s/win)
    win T0=126 T1=337 R=15 F=60 S=104/107 A=3266 ubw=5095 gap=41 obj=5095 bound=5095.0 nodes=1 opt=1 t=0.128
    win T0=231 T1=442 R=15 F=64 S=629/763 A=13694 ubw=5095 gap=214 obj=5095 bound=5095.0 nodes=1 opt=1 t=1.183
    win T0=336 T1=547 R=15 F=61 S=316/369 A=9538 ubw=5095 gap=174 obj=5095 bound=5095.0 nodes=1 opt=1 t=0.751
    win T0=441 T1=652 R=15 F=59 S=70/72 A=1361 ubw=4525 gap=12 obj=4525 bound=4525.0 nodes=1 opt=1 t=0.036
    win T0=546 T1=757 R=15 F=57 S=66/67 A=1823 ubw=4525 gap=12 obj=4525 bound=4525.0 nodes=1 opt=1 t=0.060
    win T0=861 T1=1072 R=15 F=61 S=350/483 A=7196 ubw=4255 gap=231 obj=4255 bound=4255.0 nodes=1 opt=1 t=0.463
    win T0=966 T1=1177 R=15 F=67 S=816/1046 A=16867 ubw=4208 gap=536 obj=4208 bound=4208.0 nodes=1 opt=1 t=1.389
    win T0=1071 T1=1282 R=15 F=70 S=607/714 A=13642 ubw=3988 gap=417 obj=3988 bound=3988.0 nodes=1 opt=1 t=1.012
    win T0=1176 T1=1387 R=15 F=63 S=505/527 A=13161 ubw=2839 gap=318 obj=2839 bound=2839.0 nodes=1 opt=1 t=0.994
    win T0=1386 T1=1597 R=15 F=63 S=273/313 A=7625 ubw=2170 gap=130 obj=2170 bound=2170.0 nodes=1 opt=1 t=0.419
    win T0=1491 T1=1702 R=15 F=63 S=202/261 A=5701 ubw=2170 gap=130 obj=2170 bound=2170.0 nodes=1 opt=1 t=0.297
    win T0=1596 T1=1807 R=15 F=57 S=63/63 A=1331 ubw=2138 gap=14 obj=2138 bound=2138.0 nodes=1 opt=1 t=0.027
    win T0=1701 T1=1912 R=15 F=61 S=66/66 A=1133 ubw=1870 gap=14 obj=1870 bound=1870.0 nodes=1 opt=1 t=0.038
    win T0=2646 T1=2857 R=15 F=69 S=81/81 A=1789 ubw=1410 gap=16 obj=1410 bound=1410.0 nodes=1 opt=1 t=0.041
    win T0=2751 T1=2962 R=15 F=65 S=82/82 A=2123 ubw=1410 gap=16 obj=1410 bound=1410.0 nodes=1 opt=1 t=0.119
    win T0=3276 T1=3487 R=15 F=58 S=88/95 A=2856 ubw=198 gap=44 obj=198 bound=198.0 nodes=1 opt=1 t=0.103
    win T0=3381 T1=3592 R=15 F=57 S=118/136 A=2522 ubw=198 gap=44 obj=198 bound=198.0 nodes=1 opt=1 t=0.124
sweep 8 delta 0 cost 5095
[n1000m15E] t=57.5 windows=279 improved=0 gain=0 lbProven=148 optimal=130 timeouts=1 skipped=0 avgFree=29.1 avgStates=128 avgArcs=3034 lbTime=0.1s mipTime=57.2s (0.205s/win)
    win T0=194 T1=405 R=15 F=66 S=670/822 A=12121 ubw=5095 gap=214 obj=5095 bound=5095.0 nodes=1 opt=1 t=0.876
    win T0=299 T1=510 R=15 F=57 S=398/442 A=10597 ubw=5095 gap=198 obj=5095 bound=5095.0 nodes=1 opt=1 t=0.571
    win T0=404 T1=615 R=15 F=63 S=77/79 A=1449 ubw=4665 gap=12 obj=4665 bound=4665.0 nodes=1 opt=1 t=0.023
    win T0=509 T1=720 R=15 F=64 S=75/77 A=1758 ubw=4525 gap=12 obj=4525 bound=4525.0 nodes=1 opt=1 t=0.030
    win T0=824 T1=1035 R=15 F=55 S=113/120 A=3595 ubw=4255 gap=76 obj=4255 bound=4255.0 nodes=1 opt=1 t=0.090
    win T0=929 T1=1140 R=15 F=61 S=905/1173 A=18191 ubw=4208 gap=438 obj=4208 bound=4208.0 nodes=1 opt=1 t=1.267
    win T0=1034 T1=1245 R=15 F=70 S=976/1238 A=22521 ubw=4208 gap=603 obj=4208 bound=4208.0 nodes=1 opt=1 t=1.271
    win T0=1139 T1=1350 R=15 F=67 S=729/778 A=16614 ubw=3311 gap=417 obj=3311 bound=3311.0 nodes=1 opt=1 t=0.898
    win T0=1454 T1=1665 R=15 F=63 S=216/275 A=5650 ubw=2170 gap=130 obj=2170 bound=2170.0 nodes=1 opt=1 t=0.166
    win T0=1559 T1=1770 R=15 F=60 S=67/67 A=1237 ubw=2170 gap=14 obj=2170 bound=2170.0 nodes=1 opt=1 t=0.025
    win T0=1664 T1=1875 R=15 F=62 S=66/67 A=1160 ubw=1870 gap=14 obj=1870 bound=1870.0 nodes=1 opt=1 t=0.023
    win T0=2609 T1=2820 R=15 F=65 S=73/75 A=2025 ubw=1410 gap=16 obj=1410 bound=1410.0 nodes=1 opt=1 t=0.031
    win T0=2714 T1=2925 R=15 F=68 S=83/83 A=1838 ubw=1410 gap=16 obj=1410 bound=1410.0 nodes=1 opt=1 t=0.041
    win T0=3344 T1=3555 R=15 F=64 S=126/144 A=3001 ubw=198 gap=44 obj=198 bound=198.0 nodes=1 opt=1 t=0.127
    win T0=3449 T1=3660 R=15 F=34 S=72/87 A=1234 ubw=198 gap=44 obj=198 bound=198.0 nodes=1 opt=1 t=0.055
sweep 9 delta 0 cost 5095
[n1000m15E] t=63.0 windows=313 improved=0 gain=0 lbProven=167 optimal=145 timeouts=1 skipped=0 avgFree=28.9 avgStates=129 avgArcs=3033 lbTime=0.2s mipTime=62.7s (0.200s/win)
    win T0=190 T1=401 R=15 F=68 S=661/847 A=12458 ubw=5095 gap=214 obj=5095 bound=5095.0 nodes=1 opt=1 t=0.948
    win T0=295 T1=506 R=15 F=55 S=371/436 A=9683 ubw=5095 gap=198 obj=5095 bound=5095.0 nodes=1 opt=1 t=0.814
    win T0=400 T1=611 R=15 F=61 S=74/76 A=1377 ubw=4665 gap=12 obj=4665 bound=4665.0 nodes=1 opt=1 t=0.039
    win T0=505 T1=716 R=15 F=65 S=76/78 A=1760 ubw=4525 gap=12 obj=4525 bound=4525.0 nodes=1 opt=1 t=0.051
    win T0=820 T1=1031 R=15 F=53 S=77/78 A=1755 ubw=4255 gap=35 obj=4255 bound=4255.0 nodes=1 opt=1 t=0.070
    win T0=925 T1=1136 R=15 F=60 S=927/1209 A=19333 ubw=4255 gap=434 obj=4255 bound=-252.0 nodes=0 opt=0 t=2.048
    win T0=1030 T1=1241 R=15 F=72 S=1009/1277 A=23511 ubw=4208 gap=603 obj=4208 bound=-490.0 nodes=0 opt=0 t=2.020
    win T0=1135 T1=1346 R=15 F=68 S=736/784 A=16560 ubw=3311 gap=417 obj=3311 bound=3311.0 nodes=1 opt=1 t=1.309
    win T0=1450 T1=1661 R=15 F=63 S=216/275 A=5650 ubw=2170 gap=130 obj=2170 bound=2170.0 nodes=1 opt=1 t=0.270
    win T0=1555 T1=1766 R=15 F=61 S=68/68 A=1247 ubw=2170 gap=14 obj=2170 bound=2170.0 nodes=1 opt=1 t=0.037
    win T0=1660 T1=1871 R=15 F=61 S=65/66 A=1141 ubw=1870 gap=14 obj=1870 bound=1870.0 nodes=1 opt=1 t=0.034
    win T0=2605 T1=2816 R=15 F=65 S=71/72 A=2160 ubw=1410 gap=16 obj=1410 bound=1410.0 nodes=0 opt=1 t=0.051
    win T0=2710 T1=2921 R=15 F=67 S=82/82 A=1777 ubw=1410 gap=16 obj=1410 bound=1410.0 nodes=1 opt=1 t=0.077
    win T0=3340 T1=3551 R=15 F=65 S=128/146 A=3118 ubw=198 gap=44 obj=198 bound=198.0 nodes=1 opt=1 t=0.135
    win T0=3445 T1=3656 R=15 F=36 S=76/91 A=1312 ubw=198 gap=44 obj=198 bound=198.0 nodes=1 opt=1 t=0.092
sweep 10 delta 0 cost 5095
[n1000m15E] t=71.0 windows=347 improved=0 gain=0 lbProven=186 optimal=158 timeouts=3 skipped=0 avgFree=28.7 avgStates=129 avgArcs=3032 lbTime=0.2s mipTime=70.7s (0.204s/win)
    win T0=129 T1=340 R=15 F=60 S=104/107 A=3266 ubw=5095 gap=41 obj=5095 bound=5095.0 nodes=1 opt=1 t=0.121
    win T0=234 T1=445 R=15 F=64 S=618/750 A=13891 ubw=5095 gap=214 obj=5095 bound=5095.0 nodes=1 opt=1 t=1.057
    win T0=339 T1=550 R=15 F=61 S=316/372 A=9544 ubw=5095 gap=174 obj=5095 bound=5095.0 nodes=1 opt=1 t=0.609
    win T0=444 T1=655 R=15 F=61 S=72/74 A=1435 ubw=4525 gap=12 obj=4525 bound=4525.0 nodes=1 opt=1 t=0.036
    win T0=549 T1=760 R=15 F=57 S=66/67 A=1872 ubw=4525 gap=12 obj=4525 bound=4525.0 nodes=1 opt=1 t=0.051
    win T0=864 T1=1075 R=15 F=63 S=378/540 A=7582 ubw=4255 gap=231 obj=4255 bound=4255.0 nodes=1 opt=1 t=0.462
    win T0=969 T1=1180 R=15 F=67 S=816/1046 A=16867 ubw=4208 gap=536 obj=4208 bound=4208.0 nodes=1 opt=1 t=1.323
    win T0=1074 T1=1285 R=15 F=68 S=545/628 A=12518 ubw=3311 gap=417 obj=3311 bound=3311.0 nodes=1 opt=1 t=0.859
    win T0=1179 T1=1390 R=15 F=63 S=505/527 A=13161 ubw=2839 gap=318 obj=2839 bound=2839.0 nodes=1 opt=1 t=0.933
    win T0=1389 T1=1600 R=15 F=63 S=273/313 A=7625 ubw=2170 gap=130 obj=2170 bound=2170.0 nodes=1 opt=1 t=0.408
    win T0=1494 T1=1705 R=15 F=61 S=192/251 A=5407 ubw=2170 gap=130 obj=2170 bound=2170.0 nodes=1 opt=1 t=0.284
    win T0=1599 T1=1810 R=15 F=58 S=64/64 A=1361 ubw=2138 gap=14 obj=2138 bound=2138.0 nodes=1 opt=1 t=0.029
    win T0=1704 T1=1915 R=15 F=61 S=66/66 A=1133 ubw=1870 gap=14 obj=1870 bound=1870.0 nodes=1 opt=1 t=0.037
    win T0=2649 T1=2860 R=15 F=68 S=80/80 A=1738 ubw=1410 gap=16 obj=1410 bound=1410.0 nodes=1 opt=1 t=0.038
    win T0=2754 T1=2965 R=15 F=65 S=82/82 A=2123 ubw=1410 gap=16 obj=1410 bound=1410.0 nodes=1 opt=1 t=0.119
    win T0=3279 T1=3490 R=15 F=61 S=94/101 A=3134 ubw=198 gap=44 obj=198 bound=198.0 nodes=1 opt=1 t=0.109
    win T0=3384 T1=3595 R=15 F=57 S=118/136 A=2522 ubw=198 gap=44 obj=198 bound=198.0 nodes=1 opt=1 t=0.122
sweep 11 delta 0 cost 5095
[n1000m15E] t=77.6 windows=382 improved=0 gain=0 lbProven=204 optimal=175 timeouts=3 skipped=0 avgFree=28.8 avgStates=129 avgArcs=3030 lbTime=0.2s mipTime=77.2s (0.202s/win)
    win T0=212 T1=423 R=15 F=69 S=647/785 A=13515 ubw=5095 gap=214 obj=5095 bound=5095.0 nodes=1 opt=1 t=1.089
    win T0=317 T1=528 R=15 F=63 S=444/521 A=13186 ubw=5095 gap=198 obj=5095 bound=5095.0 nodes=1 opt=1 t=1.168
    win T0=422 T1=633 R=15 F=59 S=70/72 A=1395 ubw=4562 gap=12 obj=4562 bound=4562.0 nodes=1 opt=1 t=0.037
    win T0=527 T1=738 R=15 F=60 S=69/70 A=1765 ubw=4525 gap=12 obj=4525 bound=4525.0 nodes=1 opt=1 t=0.056
    win T0=842 T1=1053 R=15 F=58 S=267/333 A=6372 ubw=4255 gap=195 obj=4255 bound=4255.0 nodes=1 opt=1 t=0.375
    win T0=947 T1=1158 R=15 F=67 S=1582/1899 A=41334 ubw=4208 gap=689 obj=4208 bound=-inf nodes=0 opt=0 t=2.114
    win T0=1052 T1=1263 R=15 F=70 S=593/729 A=13418 ubw=4208 gap=417 obj=4208 bound=4208.0 nodes=1 opt=1 t=0.968
    win T0=1157 T1=1368 R=15 F=64 S=732/773 A=16910 ubw=3140 gap=417 obj=3140 bound=3140.0 nodes=1 opt=1 t=1.453
    win T0=1367 T1=1578 R=15 F=63 S=261/287 A=7745 ubw=2170 gap=130 obj=2170 bound=2170.0 nodes=1 opt=1 t=0.439
    win T0=1472 T1=1683 R=15 F=61 S=199/258 A=5255 ubw=2170 gap=130 obj=2170 bound=2170.0 nodes=1 opt=1 t=0.275
    win T0=1577 T1=1788 R=15 F=56 S=63/63 A=1253 ubw=2170 gap=14 obj=2170 bound=2170.0 nodes=1 opt=1 t=0.037
    win T0=1682 T1=1893 R=15 F=60 S=64/65 A=1080 ubw=1870 gap=14 obj=1870 bound=1870.0 nodes=1 opt=1 t=0.034
    win T0=2627 T1=2838 R=15 F=66 S=78/78 A=1858 ubw=1410 gap=16 obj=1410 bound=1410.0 nodes=1 opt=1 t=0.050
    win T0=2732 T1=2943 R=15 F=71 S=88/88 A=2128 ubw=1410 gap=16 obj=1410 bound=1410.0 nodes=1 opt=1 t=0.061
    win T0=3257 T1=3468 R=15 F=57 S=64/65 A=2769 ubw=198 gap=22 obj=198 bound=198.0 nodes=1 opt=1 t=0.081
    win T0=3362 T1=3573 R=15 F=62 S=123/141 A=2834 ubw=198 gap=44 obj=198 bound=198.0 nodes=1 opt=1 t=0.132
    win T0=3467 T1=3678 R=15 F=27 S=58/73 A=981 ubw=198 gap=44 obj=198 bound=198.0 nodes=1 opt=1 t=0.050
sweep 12 delta 0 cost 5095
[n1000m15E] t=86.1 windows=416 improved=0 gain=0 lbProven=221 optimal=191 timeouts=4 skipped=0 avgFree=29.0 avgStates=131 avgArcs=3104 lbTime=0.2s mipTime=85.6s (0.206s/win)
    win T0=207 T1=418 R=15 F=67 S=611/755 A=11785 ubw=5095 gap=214 obj=5095 bound=5095.0 nodes=1 opt=1 t=0.790
    win T0=312 T1=523 R=15 F=60 S=414/475 A=11717 ubw=5095 gap=198 obj=5095 bound=5095.0 nodes=1 opt=1 t=1.012
    win T0=417 T1=628 R=15 F=62 S=75/77 A=1466 ubw=4665 gap=12 obj=4665 bound=4665.0 nodes=1 opt=1 t=0.039
    win T0=522 T1=733 R=15 F=64 S=75/77 A=1854 ubw=4525 gap=12 obj=4525 bound=4525.0 nodes=1 opt=1 t=0.052
    win T0=837 T1=1048 R=15 F=54 S=276/322 A=6500 ubw=4255 gap=185 obj=4255 bound=4255.0 nodes=1 opt=1 t=0.423
    win T0=942 T1=1153 R=15 F=65 S=937/1210 A=19159 ubw=4208 gap=438 obj=4208 bound=-inf nodes=0 opt=0 t=1.960
sweep 13 delta 0 cost 5095
[n1000m15E] t=90.4 windows=426 improved=0 gain=0 lbProven=225 optimal=196 timeouts=5 skipped=0 avgFree=29.1 avgStates=134 avgArcs=3154 lbTime=0.2s mipTime=89.9s (0.211s/win)
[n1000m15E] t=90.4 windows=426 improved=0 gain=0 lbProven=225 optimal=196 timeouts=5 skipped=0 avgFree=29.1 avgStates=134 avgArcs=3154 lbTime=0.2s mipTime=89.9s (0.211s/win)
FINAL n1000m15E cost 5095 time 90.4
