instance n700m12E n=700 m=12 start cost 13090 (../../pool/n700m12E/n700m12E_13090_window.txt) mode=window
after LS: 13090
sweep 1 delta 0 cost 13090
[n700m12E] t=22.5 windows=36 improved=0 gain=0 lbProven=17 optimal=17 timeouts=2 skipped=0 avgFree=22.4 avgStates=298 avgArcs=5703 lbTime=0.0s mipTime=22.4s (0.622s/win)
sweep 2 delta 0 cost 13090
[n700m12E] t=41.8 windows=72 improved=0 gain=0 lbProven=33 optimal=35 timeouts=4 skipped=0 avgFree=23.2 avgStates=285 avgArcs=5513 lbTime=0.0s mipTime=41.6s (0.578s/win)
sweep 3 delta 0 cost 13090
[n700m12E] t=65.8 windows=108 improved=0 gain=0 lbProven=49 optimal=53 timeouts=6 skipped=0 avgFree=23.4 avgStates=287 avgArcs=5642 lbTime=0.0s mipTime=65.6s (0.607s/win)
sweep 4 delta 0 cost 13090
[n700m12E] t=85.6 windows=144 improved=0 gain=0 lbProven=66 optimal=70 timeouts=8 skipped=0 avgFree=23.1 avgStates=289 avgArcs=5552 lbTime=0.0s mipTime=85.4s (0.593s/win)
sweep 5 delta 0 cost 13090
[n700m12E] t=100.2 windows=180 improved=0 gain=0 lbProven=83 optimal=87 timeouts=10 skipped=0 avgFree=23.0 avgStates=287 avgArcs=5444 lbTime=0.0s mipTime=100.0s (0.556s/win)
sweep 6 delta 0 cost 13090
[n700m12E] t=113.3 windows=216 improved=0 gain=0 lbProven=99 optimal=106 timeouts=11 skipped=0 avgFree=23.1 avgStates=285 avgArcs=5365 lbTime=0.0s mipTime=113.1s (0.524s/win)
sweep 7 delta 0 cost 13090
[n700m12E] t=141.5 windows=252 improved=0 gain=0 lbProven=112 optimal=126 timeouts=14 skipped=0 avgFree=23.6 avgStates=285 avgArcs=5355 lbTime=0.0s mipTime=141.2s (0.560s/win)
sweep 8 delta 0 cost 13090
[n700m12E] t=155.8 windows=288 improved=0 gain=0 lbProven=130 optimal=142 timeouts=16 skipped=0 avgFree=23.3 avgStates=285 avgArcs=5338 lbTime=0.1s mipTime=155.5s (0.540s/win)
sweep 9 delta 0 cost 13090
[n700m12E] t=169.9 windows=324 improved=0 gain=0 lbProven=147 optimal=159 timeouts=18 skipped=0 avgFree=23.2 avgStates=285 avgArcs=5304 lbTime=0.1s mipTime=169.5s (0.523s/win)
sweep 10 delta 0 cost 13090
[n700m12E] t=190.0 windows=360 improved=0 gain=0 lbProven=162 optimal=178 timeouts=20 skipped=0 avgFree=23.3 avgStates=285 avgArcs=5319 lbTime=0.1s mipTime=189.6s (0.527s/win)
sweep 11 delta 0 cost 13090
[n700m12E] t=212.0 windows=396 improved=0 gain=0 lbProven=178 optimal=196 timeouts=22 skipped=0 avgFree=23.4 avgStates=283 avgArcs=5288 lbTime=0.1s mipTime=211.6s (0.534s/win)
sweep 12 delta 0 cost 13090
[n700m12E] t=238.1 windows=432 improved=0 gain=0 lbProven=196 optimal=211 timeouts=25 skipped=0 avgFree=23.2 avgStates=284 avgArcs=5301 lbTime=0.1s mipTime=237.6s (0.550s/win)
sweep 13 delta 0 cost 13090
[n700m12E] t=256.2 windows=468 improved=0 gain=0 lbProven=212 optimal=229 timeouts=27 skipped=0 avgFree=23.2 avgStates=284 avgArcs=5292 lbTime=0.1s mipTime=255.7s (0.546s/win)
sweep 14 delta 0 cost 13090
[n700m12E] t=280.4 windows=504 improved=0 gain=0 lbProven=230 optimal=244 timeouts=30 skipped=0 avgFree=23.1 avgStates=286 avgArcs=5295 lbTime=0.1s mipTime=279.9s (0.555s/win)
sweep 15 delta 0 cost 13090
[n700m12E] t=300.0 windows=523 improved=0 gain=0 lbProven=236 optimal=254 timeouts=33 skipped=0 avgFree=23.3 avgStates=291 avgArcs=5403 lbTime=0.1s mipTime=299.4s (0.573s/win)
[n700m12E] t=300.0 windows=523 improved=0 gain=0 lbProven=236 optimal=254 timeouts=33 skipped=0 avgFree=23.3 avgStates=291 avgArcs=5403 lbTime=0.1s mipTime=299.4s (0.573s/win)
FINAL n700m12E cost 13090 time 300.0
