instance n700m12E n=700 m=12 start cost 13090 (../../pool/n700m12E/n700m12E_13090_window.txt) mode=window
after LS: 13090
    win T0=-20 T1=158 R=12 F=37 S=40/41 A=624 ubw=13090 gap=18 obj=13090 bound=13090.0 nodes=1 opt=1 t=0.016
    win T0=425 T1=603 R=12 F=43 S=52/53 A=569 ubw=12702 gap=18 obj=12702 bound=12702.0 nodes=1 opt=1 t=0.018
    win T0=514 T1=692 R=12 F=43 S=51/52 A=641 ubw=12594 gap=9 obj=12594 bound=12594.0 nodes=1 opt=1 t=0.016
    win T0=603 T1=781 R=12 F=40 S=56/61 A=695 ubw=11394 gap=57 obj=11394 bound=11394.0 nodes=1 opt=1 t=0.020
    win T0=692 T1=870 R=12 F=42 S=71/82 A=770 ubw=11334 gap=68 obj=11334 bound=11334.0 nodes=1 opt=1 t=0.022
    win T0=781 T1=959 R=12 F=41 S=47/48 A=547 ubw=11207 gap=20 obj=11207 bound=11207.0 nodes=1 opt=1 t=0.012
    win T0=870 T1=1048 R=12 F=54 S=2773/3236 A=57179 ubw=10858 gap=2744 obj=10858 bound=-inf nodes=0 opt=0 t=4.444
    win T0=959 T1=1137 R=12 F=52 S=2935/3183 A=73044 ubw=10538 gap=2672 obj=10538 bound=-inf nodes=0 opt=0 t=7.855
    win T0=1048 T1=1226 R=12 F=41 S=236/325 A=3701 ubw=6118 gap=231 obj=6118 bound=6118.0 nodes=1 opt=1 t=0.243
    win T0=1137 T1=1315 R=12 F=39 S=138/161 A=2562 ubw=5423 gap=151 obj=5423 bound=5423.0 nodes=1 opt=1 t=0.181
    win T0=1315 T1=1493 R=12 F=30 S=41/45 A=753 ubw=4850 gap=70 obj=4850 bound=4850.0 nodes=1 opt=1 t=0.030
    win T0=1404 T1=1582 R=12 F=43 S=134/149 A=1489 ubw=4850 gap=154 obj=4850 bound=4850.0 nodes=1 opt=1 t=0.106
    win T0=1493 T1=1671 R=12 F=47 S=639/889 A=8940 ubw=4495 gap=659 obj=4495 bound=4495.0 nodes=1 opt=1 t=0.675
    win T0=1582 T1=1760 R=12 F=44 S=988/1074 A=16301 ubw=3795 gap=1224 obj=3795 bound=3795.0 nodes=1 opt=1 t=1.699
    win T0=1671 T1=1849 R=12 F=46 S=1361/1567 A=19338 ubw=3110 gap=1200 obj=3110 bound=195.0 nodes=0 opt=0 t=2.020
    win T0=1760 T1=1938 R=12 F=44 S=85/88 A=1418 ubw=2012 gap=135 obj=2012 bound=2012.0 nodes=1 opt=1 t=0.124
    win T0=1938 T1=2116 R=12 F=41 S=74/97 A=1217 ubw=1597 gap=65 obj=1597 bound=1597.0 nodes=1 opt=1 t=0.056
    win T0=2828 T1=3006 R=12 F=37 S=113/137 A=1397 ubw=1026 gap=195 obj=1026 bound=1026.0 nodes=1 opt=1 t=0.072
    win T0=2917 T1=3095 R=12 F=43 S=174/189 A=3071 ubw=1026 gap=195 obj=1026 bound=1026.0 nodes=1 opt=1 t=0.190
sweep 1 delta 0 cost 13090
[n700m12E] t=17.8 windows=36 improved=0 gain=0 lbProven=17 optimal=16 timeouts=3 skipped=0 avgFree=22.4 avgStates=278 avgArcs=5396 lbTime=0.0s mipTime=17.8s (0.494s/win)
    win T0=0 T1=178 R=12 F=41 S=47/48 A=714 ubw=13090 gap=18 obj=13090 bound=13090.0 nodes=1 opt=1 t=0.019
    win T0=445 T1=623 R=12 F=43 S=51/52 A=634 ubw=12594 gap=18 obj=12594 bound=12594.0 nodes=1 opt=1 t=0.016
    win T0=534 T1=712 R=12 F=42 S=48/48 A=606 ubw=12438 gap=9 obj=12438 bound=12438.0 nodes=1 opt=1 t=0.015
    win T0=623 T1=801 R=12 F=41 S=62/67 A=650 ubw=11394 gap=57 obj=11394 bound=11394.0 nodes=1 opt=1 t=0.020
    win T0=712 T1=890 R=12 F=40 S=72/84 A=736 ubw=11334 gap=68 obj=11334 bound=11334.0 nodes=1 opt=1 t=0.024
    win T0=801 T1=979 R=12 F=42 S=61/66 A=703 ubw=11115 gap=60 obj=11115 bound=11115.0 nodes=1 opt=1 t=0.016
    win T0=890 T1=1068 R=12 F=53 S=2947/3505 A=61097 ubw=10858 gap=2936 obj=10858 bound=-inf nodes=0 opt=0 t=5.287
    win T0=979 T1=1157 R=12 F=50 S=2580/2971 A=63107 ubw=9922 gap=2583 obj=9922 bound=-inf nodes=0 opt=0 t=4.489
    win T0=1068 T1=1246 R=12 F=42 S=145/177 A=1985 ubw=5423 gap=151 obj=5423 bound=5423.0 nodes=1 opt=1 t=0.083
    win T0=1157 T1=1335 R=12 F=36 S=45/45 A=1002 ubw=5423 gap=12 obj=5423 bound=5423.0 nodes=1 opt=1 t=0.022
    win T0=1335 T1=1513 R=12 F=36 S=68/75 A=910 ubw=4850 gap=121 obj=4850 bound=4850.0 nodes=1 opt=1 t=0.025
    win T0=1424 T1=1602 R=12 F=42 S=142/156 A=1638 ubw=4850 gap=154 obj=4850 bound=4850.0 nodes=1 opt=1 t=0.103
    win T0=1513 T1=1691 R=12 F=47 S=1387/1698 A=21371 ubw=4031 gap=1121 obj=4031 bound=4031.0 nodes=1 opt=1 t=1.842
    win T0=1602 T1=1780 R=12 F=48 S=900/1083 A=15657 ubw=3729 gap=1135 obj=3729 bound=3729.0 nodes=1 opt=1 t=0.898
    win T0=1691 T1=1869 R=12 F=45 S=110/114 A=1332 ubw=2012 gap=135 obj=2012 bound=2012.0 nodes=1 opt=1 t=0.037
    win T0=1780 T1=1958 R=12 F=42 S=82/83 A=1531 ubw=2012 gap=135 obj=2012 bound=2012.0 nodes=1 opt=1 t=0.036
    win T0=1869 T1=2047 R=12 F=41 S=54/72 A=934 ubw=1597 gap=58 obj=1597 bound=1597.0 nodes=1 opt=1 t=0.021
    win T0=1958 T1=2136 R=12 F=40 S=70/92 A=1268 ubw=1519 gap=65 obj=1519 bound=1519.0 nodes=1 opt=1 t=0.030
    win T0=2848 T1=3026 R=12 F=45 S=137/170 A=2200 ubw=1026 gap=195 obj=1026 bound=1026.0 nodes=1 opt=1 t=0.081
    win T0=2937 T1=3115 R=12 F=48 S=245/260 A=4571 ubw=990 gap=195 obj=990 bound=990.0 nodes=1 opt=1 t=0.165
sweep 2 delta 0 cost 13090
[n700m12E] t=31.1 windows=72 improved=0 gain=0 lbProven=33 optimal=34 timeouts=5 skipped=0 avgFree=23.2 avgStates=268 avgArcs=5235 lbTime=0.0s mipTime=31.0s (0.430s/win)
    win T0=-5 T1=173 R=12 F=41 S=47/48 A=714 ubw=13090 gap=18 obj=13090 bound=13090.0 nodes=1 opt=1 t=0.012
    win T0=440 T1=618 R=12 F=41 S=49/50 A=568 ubw=12702 gap=18 obj=12702 bound=12702.0 nodes=1 opt=1 t=0.014
    win T0=529 T1=707 R=12 F=43 S=51/51 A=630 ubw=12594 gap=9 obj=12594 bound=12594.0 nodes=1 opt=1 t=0.010
    win T0=618 T1=796 R=12 F=42 S=61/66 A=703 ubw=11394 gap=57 obj=11394 bound=11394.0 nodes=1 opt=1 t=0.014
    win T0=707 T1=885 R=12 F=39 S=71/83 A=704 ubw=11334 gap=68 obj=11334 bound=11334.0 nodes=1 opt=1 t=0.015
    win T0=796 T1=974 R=12 F=41 S=58/59 A=686 ubw=11115 gap=52 obj=11115 bound=11115.0 nodes=1 opt=1 t=0.011
    win T0=885 T1=1063 R=12 F=54 S=3005/3569 A=63119 ubw=10858 gap=2936 obj=10858 bound=-inf nodes=0 opt=0 t=3.930
    win T0=974 T1=1152 R=12 F=53 S=2824/3225 A=73002 ubw=10010 gap=2655 obj=10010 bound=-inf nodes=0 opt=0 t=5.538
    win T0=1063 T1=1241 R=12 F=40 S=135/167 A=1805 ubw=5423 gap=151 obj=5423 bound=5423.0 nodes=1 opt=1 t=0.072
    win T0=1152 T1=1330 R=12 F=36 S=45/45 A=1002 ubw=5423 gap=12 obj=5423 bound=5423.0 nodes=1 opt=1 t=0.019
    win T0=1330 T1=1508 R=12 F=33 S=46/50 A=750 ubw=4850 gap=70 obj=4850 bound=4850.0 nodes=1 opt=1 t=0.017
    win T0=1419 T1=1597 R=12 F=41 S=135/145 A=1544 ubw=4850 gap=154 obj=4850 bound=4850.0 nodes=1 opt=1 t=0.063
    win T0=1508 T1=1686 R=12 F=48 S=1572/1872 A=24504 ubw=4495 gap=1173 obj=4495 bound=0.0 nodes=0 opt=0 t=2.053
    win T0=1597 T1=1775 R=12 F=49 S=1120/1342 A=21224 ubw=3729 gap=1224 obj=3729 bound=3729.0 nodes=1 opt=1 t=1.602
    win T0=1686 T1=1864 R=12 F=45 S=109/113 A=1312 ubw=2012 gap=135 obj=2012 bound=2012.0 nodes=1 opt=1 t=0.034
    win T0=1775 T1=1953 R=12 F=40 S=72/73 A=1378 ubw=2012 gap=135 obj=2012 bound=2012.0 nodes=1 opt=1 t=0.034
    win T0=1864 T1=2042 R=12 F=42 S=55/72 A=962 ubw=1597 gap=56 obj=1597 bound=1597.0 nodes=1 opt=1 t=0.019
    win T0=1953 T1=2131 R=12 F=41 S=71/94 A=1259 ubw=1597 gap=65 obj=1597 bound=1597.0 nodes=1 opt=1 t=0.032
    win T0=2843 T1=3021 R=12 F=44 S=136/168 A=2106 ubw=1026 gap=195 obj=1026 bound=1026.0 nodes=1 opt=1 t=0.077
    win T0=2932 T1=3110 R=12 F=46 S=236/251 A=4030 ubw=990 gap=195 obj=990 bound=990.0 nodes=1 opt=1 t=0.143
sweep 3 delta 0 cost 13090
[n700m12E] t=44.8 windows=108 improved=0 gain=0 lbProven=49 optimal=51 timeouts=8 skipped=0 avgFree=23.4 avgStates=270 avgArcs=5360 lbTime=0.0s mipTime=44.7s (0.414s/win)
    win T0=-31 T1=147 R=12 F=34 S=37/38 A=599 ubw=13090 gap=18 obj=13090 bound=13090.0 nodes=1 opt=1 t=0.009
    win T0=414 T1=592 R=12 F=44 S=53/54 A=536 ubw=12702 gap=18 obj=12702 bound=12702.0 nodes=1 opt=1 t=0.013
    win T0=592 T1=770 R=12 F=40 S=46/47 A=525 ubw=11394 gap=24 obj=11394 bound=11394.0 nodes=1 opt=1 t=0.009
    win T0=681 T1=859 R=12 F=44 S=84/97 A=827 ubw=11394 gap=77 obj=11394 bound=11394.0 nodes=1 opt=1 t=0.021
    win T0=770 T1=948 R=12 F=39 S=61/64 A=778 ubw=11259 gap=68 obj=11259 bound=11259.0 nodes=1 opt=1 t=0.013
    win T0=859 T1=1037 R=12 F=49 S=2481/2995 A=42719 ubw=10858 gap=2708 obj=10858 bound=-inf nodes=0 opt=0 t=2.107
    win T0=948 T1=1126 R=12 F=52 S=3035/3479 A=73857 ubw=10858 gap=2936 obj=10858 bound=-inf nodes=0 opt=0 t=5.487
    win T0=1037 T1=1215 R=12 F=45 S=612/743 A=8989 ubw=6334 gap=453 obj=6334 bound=6334.0 nodes=1 opt=1 t=0.612
    win T0=1126 T1=1304 R=12 F=41 S=139/159 A=2306 ubw=5423 gap=151 obj=5423 bound=5423.0 nodes=1 opt=1 t=0.101
    win T0=1304 T1=1482 R=12 F=32 S=42/46 A=858 ubw=4850 gap=70 obj=4850 bound=4850.0 nodes=1 opt=1 t=0.022
    win T0=1393 T1=1571 R=12 F=42 S=137/147 A=1433 ubw=4850 gap=154 obj=4850 bound=4850.0 nodes=1 opt=1 t=0.076
    win T0=1482 T1=1660 R=12 F=47 S=656/917 A=9309 ubw=4807 gap=659 obj=4807 bound=4807.0 nodes=1 opt=1 t=0.425
    win T0=1571 T1=1749 R=12 F=42 S=973/1063 A=14811 ubw=3795 gap=1224 obj=3795 bound=3795.0 nodes=1 opt=1 t=0.895
    win T0=1660 T1=1838 R=12 F=44 S=1181/1512 A=16390 ubw=3110 gap=1200 obj=3110 bound=3110.0 nodes=1 opt=1 t=0.966
    win T0=1749 T1=1927 R=12 F=43 S=92/96 A=1351 ubw=2012 gap=135 obj=2012 bound=2012.0 nodes=1 opt=1 t=0.066
    win T0=1927 T1=2105 R=12 F=44 S=76/99 A=1191 ubw=1597 gap=65 obj=1597 bound=1597.0 nodes=1 opt=1 t=0.031
    win T0=2016 T1=2194 R=12 F=40 S=79/101 A=1672 ubw=1519 gap=65 obj=1519 bound=1519.0 nodes=1 opt=1 t=0.045
    win T0=2817 T1=2995 R=12 F=36 S=77/93 A=968 ubw=1026 gap=144 obj=1026 bound=1026.0 nodes=1 opt=1 t=0.024
    win T0=2906 T1=3084 R=12 F=44 S=177/193 A=3114 ubw=1026 gap=195 obj=1026 bound=1026.0 nodes=1 opt=1 t=0.113
sweep 4 delta 0 cost 13090
[n700m12E] t=55.8 windows=144 improved=0 gain=0 lbProven=66 optimal=68 timeouts=10 skipped=0 avgFree=23.1 avgStates=272 avgArcs=5286 lbTime=0.0s mipTime=55.7s (0.387s/win)
    win T0=-36 T1=142 R=12 F=33 S=36/37 A=591 ubw=13090 gap=18 obj=13090 bound=13090.0 nodes=1 opt=1 t=0.009
    win T0=409 T1=587 R=12 F=44 S=53/54 A=524 ubw=12702 gap=18 obj=12702 bound=12702.0 nodes=1 opt=1 t=0.011
    win T0=587 T1=765 R=12 F=40 S=46/47 A=546 ubw=11394 gap=24 obj=11394 bound=11394.0 nodes=1 opt=1 t=0.009
    win T0=676 T1=854 R=12 F=45 S=85/98 A=848 ubw=11394 gap=77 obj=11394 bound=11394.0 nodes=1 opt=1 t=0.022
    win T0=765 T1=943 R=12 F=39 S=60/63 A=783 ubw=11259 gap=68 obj=11259 bound=11259.0 nodes=1 opt=1 t=0.016
    win T0=854 T1=1032 R=12 F=49 S=2481/2995 A=42719 ubw=10858 gap=2708 obj=10858 bound=-inf nodes=0 opt=0 t=2.105
    win T0=943 T1=1121 R=12 F=51 S=2890/3393 A=68176 ubw=10858 gap=2936 obj=10858 bound=-inf nodes=0 opt=0 t=4.543
    win T0=1032 T1=1210 R=12 F=44 S=564/672 A=8316 ubw=6334 gap=453 obj=6334 bound=6334.0 nodes=1 opt=1 t=0.651
    win T0=1121 T1=1299 R=12 F=42 S=143/163 A=2318 ubw=5423 gap=151 obj=5423 bound=5423.0 nodes=1 opt=1 t=0.098
    win T0=1299 T1=1477 R=12 F=33 S=44/48 A=925 ubw=4850 gap=70 obj=4850 bound=4850.0 nodes=1 opt=1 t=0.026
    win T0=1388 T1=1566 R=12 F=38 S=126/132 A=1323 ubw=4850 gap=154 obj=4850 bound=4850.0 nodes=1 opt=1 t=0.037
    win T0=1477 T1=1655 R=12 F=46 S=650/905 A=9250 ubw=4807 gap=659 obj=4807 bound=4807.0 nodes=1 opt=1 t=0.469
    win T0=1566 T1=1744 R=12 F=45 S=883/1060 A=14547 ubw=3828 gap=1089 obj=3828 bound=3828.0 nodes=1 opt=1 t=0.906
    win T0=1655 T1=1833 R=12 F=44 S=1144/1373 A=15609 ubw=3605 gap=1200 obj=3605 bound=3605.0 nodes=1 opt=1 t=1.345
    win T0=1744 T1=1922 R=12 F=44 S=98/102 A=1427 ubw=2012 gap=135 obj=2012 bound=2012.0 nodes=1 opt=1 t=0.105
    win T0=1922 T1=2100 R=12 F=44 S=76/99 A=1191 ubw=1597 gap=65 obj=1597 bound=1597.0 nodes=1 opt=1 t=0.048
    win T0=2011 T1=2189 R=12 F=40 S=79/101 A=1672 ubw=1519 gap=65 obj=1519 bound=1519.0 nodes=1 opt=1 t=0.068
    win T0=2812 T1=2990 R=12 F=40 S=81/97 A=1094 ubw=1026 gap=144 obj=1026 bound=1026.0 nodes=1 opt=1 t=0.055
    win T0=2901 T1=3079 R=12 F=43 S=160/189 A=2820 ubw=1026 gap=195 obj=1026 bound=1026.0 nodes=1 opt=1 t=0.234
sweep 5 delta 0 cost 13090
[n700m12E] t=66.6 windows=180 improved=0 gain=0 lbProven=83 optimal=85 timeouts=12 skipped=0 avgFree=23.0 avgStates=272 avgArcs=5199 lbTime=0.0s mipTime=66.4s (0.369s/win)
    win T0=-62 T1=116 R=12 F=25 S=28/29 A=511 ubw=13090 gap=18 obj=13090 bound=13090.0 nodes=1 opt=1 t=0.009
    win T0=27 T1=205 R=12 F=42 S=48/49 A=728 ubw=13090 gap=18 obj=13090 bound=13090.0 nodes=1 opt=1 t=0.021
    win T0=383 T1=561 R=12 F=47 S=54/56 A=569 ubw=12702 gap=18 obj=12702 bound=12702.0 nodes=1 opt=1 t=0.014
    win T0=561 T1=739 R=12 F=38 S=42/42 A=602 ubw=11430 gap=9 obj=11430 bound=11430.0 nodes=1 opt=1 t=0.014
    win T0=650 T1=828 R=12 F=44 S=78/85 A=892 ubw=11394 gap=77 obj=11394 bound=11394.0 nodes=1 opt=1 t=0.029
    win T0=739 T1=917 R=12 F=39 S=108/130 A=1481 ubw=11310 gap=134 obj=11310 bound=11310.0 nodes=1 opt=1 t=0.057
    win T0=828 T1=1006 R=12 F=42 S=1572/2149 A=22705 ubw=11052 gap=2110 obj=11052 bound=-inf nodes=0 opt=0 t=2.106
    win T0=917 T1=1095 R=12 F=54 S=3045/3768 A=73729 ubw=10858 gap=2936 obj=10858 bound=-inf nodes=0 opt=0 t=7.091
    win T0=1006 T1=1184 R=12 F=50 S=1515/1673 A=30025 ubw=8878 gap=1393 obj=8878 bound=-inf nodes=0 opt=0 t=2.198
    win T0=1095 T1=1273 R=12 F=39 S=144/175 A=1845 ubw=5423 gap=151 obj=5423 bound=5423.0 nodes=1 opt=1 t=0.141
    win T0=1362 T1=1540 R=12 F=36 S=92/93 A=930 ubw=4850 gap=121 obj=4850 bound=4850.0 nodes=1 opt=1 t=0.032
    win T0=1451 T1=1629 R=12 F=46 S=237/286 A=3171 ubw=4850 gap=243 obj=4850 bound=4850.0 nodes=1 opt=1 t=0.228
    win T0=1540 T1=1718 R=12 F=45 S=961/1185 A=14150 ubw=3828 gap=1089 obj=3828 bound=3828.0 nodes=1 opt=1 t=1.475
    win T0=1629 T1=1807 R=12 F=45 S=874/1168 A=13831 ubw=3729 gap=1142 obj=3729 bound=3729.0 nodes=1 opt=1 t=1.268
    win T0=1718 T1=1896 R=12 F=43 S=104/108 A=1289 ubw=2012 gap=135 obj=2012 bound=2012.0 nodes=1 opt=1 t=0.062
    win T0=1896 T1=2074 R=12 F=48 S=82/102 A=1213 ubw=1597 gap=65 obj=1597 bound=1597.0 nodes=1 opt=1 t=0.053
    win T0=1985 T1=2163 R=12 F=44 S=76/98 A=1611 ubw=1519 gap=65 obj=1519 bound=1519.0 nodes=1 opt=1 t=0.075
    win T0=2786 T1=2964 R=12 F=41 S=82/96 A=1354 ubw=1026 gap=144 obj=1026 bound=1026.0 nodes=1 opt=1 t=0.077
    win T0=2875 T1=3053 R=12 F=44 S=136/164 A=2362 ubw=1026 gap=195 obj=1026 bound=1026.0 nodes=1 opt=1 t=0.159
    win T0=2964 T1=3142 R=12 F=40 S=78/79 A=1285 ubw=218 gap=51 obj=218 bound=218.0 nodes=1 opt=1 t=0.088
sweep 6 delta 0 cost 13090
[n700m12E] t=81.8 windows=216 improved=0 gain=0 lbProven=99 optimal=102 timeouts=15 skipped=0 avgFree=23.1 avgStates=270 avgArcs=5139 lbTime=0.0s mipTime=81.6s (0.378s/win)
    win T0=-78 T1=100 R=12 F=22 S=24/25 A=446 ubw=13090 gap=18 obj=13090 bound=13090.0 nodes=1 opt=1 t=0.009
    win T0=11 T1=189 R=12 F=42 S=48/49 A=715 ubw=13090 gap=18 obj=13090 bound=13090.0 nodes=1 opt=1 t=0.022
    win T0=456 T1=634 R=12 F=42 S=50/51 A=627 ubw=12594 gap=18 obj=12594 bound=12594.0 nodes=1 opt=1 t=0.016
    win T0=545 T1=723 R=12 F=40 S=45/45 A=577 ubw=12366 gap=9 obj=12366 bound=12366.0 nodes=1 opt=1 t=0.016
    win T0=634 T1=812 R=12 F=43 S=75/82 A=913 ubw=11394 gap=77 obj=11394 bound=11394.0 nodes=1 opt=1 t=0.040
    win T0=723 T1=901 R=12 F=40 S=74/85 A=762 ubw=11334 gap=68 obj=11334 bound=11334.0 nodes=1 opt=1 t=0.025
    win T0=812 T1=990 R=12 F=43 S=1153/1761 A=15998 ubw=11052 gap=1530 obj=11052 bound=-inf nodes=0 opt=0 t=2.209
    win T0=901 T1=1079 R=12 F=54 S=2955/3454 A=65979 ubw=10858 gap=2936 obj=10858 bound=-inf nodes=0 opt=0 t=6.768
sweep 7 delta 0 cost 13090
[n700m12E] t=90.9 windows=228 improved=0 gain=0 lbProven=103 optimal=108 timeouts=17 skipped=0 avgFree=23.3 avgStates=275 avgArcs=5246 lbTime=0.0s mipTime=90.7s (0.398s/win)
[n700m12E] t=90.9 windows=228 improved=0 gain=0 lbProven=103 optimal=108 timeouts=17 skipped=0 avgFree=23.3 avgStates=275 avgArcs=5246 lbTime=0.0s mipTime=90.7s (0.398s/win)
FINAL n700m12E cost 13090 time 90.9
