instance ../../instances/n1000m15E.txt incumbent 5095, 1 windows, windows cover 760 of the cost
WARNING: windows do not cover all delay; outside part counted as LB 0
Running HiGHS 1.15.1 (git hash: 04024d7): Copyright (c) 2026 under MIT licence terms
Includes third-party software components, see THIRD_PARTY_NOTICES.md for full details
LP has 14791 rows; 488916 cols; 1425281 nonzeros
Coefficient ranges:
  Matrix  [1e+00, 1e+00]
  Cost    [1e+00, 8e+02]
  Bound   [1e+00, 2e+01]
  RHS     [1e+00, 2e+01]
Presolving model
14272 rows, 462507 cols, 1347972 nonzeros 0s
Dependent equations search running on 13573 equations with time limit of 40.00s
Dependent equations search removed 0 rows and 0 nonzeros in 0.01s (limit = 40.00s)
13635 rows, 441766 cols, 1286672 nonzeros 1s
Presolve reductions: rows 13635(-1156); columns 441766(-47150); nonzeros 1286672(-138609) 
Solving the presolved LP
IPX model has 13635 rows, 441828 columns and 1286734 nonzeros
Input
    Number of variables:                                441828
    Number of free variables:                           0
    Number of constraints:                              13635
    Number of equality constraints:                     13635
    Number of matrix entries:                           1286734
    Matrix range:                                       [1e+00, 1e+00]
    RHS range:                                          [1e+00, 1e+00]
    Objective range:                                    [1e+00, 8e+02]
    Bounds range:                                       [1e+00, 2e+01]
Preprocessing
    Dualized model:                                     no
    Number of dense columns:                            0
    Range of scaling factors:                           [1.00e+00, 1.00e+00]
    Scaled cost norm:                                   759
    Scaled bounds norm:                                 15
IPX version 1.0
Interior point solve
 Iter       primal obj         dual obj       pinf       dinf       gap      time
   0    5.18062243e+04  -4.37709162e+08   1.42e-01   3.37e-16  2.00e+00       1.7
   1   -5.44023221e+05  -2.98875337e+08   3.05e-02   4.49e-16  1.99e+00       1.8
   2   -2.76201224e+05  -1.03445818e+08   1.59e-02   7.48e-16  1.99e+00       1.9
   3   -4.75407404e+03  -2.81704350e+07   3.64e-03   8.98e-16  2.00e+00       2.1
   4    5.39518445e+04  -1.09995333e+07   5.49e-04   8.98e-16  2.02e+00       2.2
   5    5.70731782e+04  -7.00747606e+06   2.14e-04   8.98e-16  2.03e+00       2.7
   6    5.36624900e+04  -4.60095260e+06   1.07e-04   1.80e-15  2.05e+00       3.2
   7    5.22249335e+04  -3.65720066e+06   8.50e-05   2.39e-15  2.06e+00       3.8
   8    5.07218652e+04  -3.08768948e+06   7.11e-05   2.69e-15  2.07e+00       4.3
   9    4.94615136e+04  -2.56490338e+06   6.48e-05   4.79e-15  2.08e+00       4.9
  10    4.67341184e+04  -2.04082958e+06   4.71e-05   4.79e-15  2.09e+00       5.5
  11    4.53733041e+04  -1.72480131e+06   3.99e-05   5.98e-15  2.11e+00       6.0
  12    4.36940272e+04  -1.41102010e+06   3.16e-05   9.57e-15  2.13e+00       6.6
  13    4.25830559e+04  -1.28227601e+06   2.28e-05   9.57e-15  2.14e+00       7.3
  14    4.14221439e+04  -1.17113707e+06   1.69e-05   1.08e-14  2.15e+00       8.0
  15    3.96622797e+04  -9.29127475e+05   1.05e-05   1.02e-14  2.18e+00       8.9
  16    3.85135819e+04  -7.21917432e+05   7.48e-06   9.57e-15  2.23e+00       9.9
 Constructing starting basis...
 Iter       primal obj         dual obj       pinf       dinf       gap      time
  17    3.79375458e+04  -6.44179407e+05   6.07e-06   1.20e-14  2.25e+00      11.1
  18    3.57352420e+04  -4.36670279e+05   3.83e-06   9.57e-15  2.36e+00      11.4
  19    3.36021480e+04  -3.52158936e+05   2.50e-06   9.57e-15  2.42e+00      11.8
  20    3.13237598e+04  -2.53819309e+05   1.66e-06   9.57e-15  2.56e+00      12.1
  21    3.06389803e+04  -2.36500991e+05   1.47e-06   9.57e-15  2.60e+00      12.4
  22    3.01878833e+04  -2.04145278e+05   1.33e-06   7.18e-15  2.69e+00      12.7
  23    2.81609635e+04  -1.72607386e+05   8.90e-07   7.18e-15  2.78e+00      13.0
  24    2.80239544e+04  -1.65451672e+05   8.64e-07   6.43e-15  2.82e+00      13.3
  25    2.68293620e+04  -1.37060848e+05   6.97e-07   6.25e-15  2.97e+00      13.6
  26    2.55082810e+04  -1.31514214e+05   5.85e-07   7.18e-15  2.96e+00      13.9
  27    2.51187773e+04  -1.29631820e+05   5.46e-07   7.18e-15  2.96e+00      14.2
  28    2.44178556e+04  -1.20618566e+05   4.92e-07   8.38e-15  3.02e+00      14.4
  29    2.37253746e+04  -1.04562295e+05   4.44e-07   7.18e-15  3.17e+00      14.7
  30    2.27257289e+04  -9.60885923e+04   3.70e-07   5.98e-15  3.24e+00      15.0
  31    2.05133170e+04  -8.30494461e+04   2.52e-07   5.68e-15  3.31e+00      15.2
  32    2.01042044e+04  -7.89179019e+04   2.27e-07   5.68e-15  3.37e+00      15.6
  33    1.94138615e+04  -7.68417253e+04   1.84e-07   5.98e-15  3.35e+00      15.8
  34    1.86256859e+04  -6.11991930e+04   1.59e-07   4.49e-15  3.75e+00      16.1
  35    1.81912796e+04  -5.66191772e+04   1.46e-07   4.19e-15  3.89e+00      16.3
  36    1.70861259e+04  -4.90874128e+04   1.16e-07   3.14e-15  4.14e+00      16.6
  37    1.70603502e+04  -4.87945493e+04   1.14e-07   3.59e-15  4.15e+00      16.9
  38    1.68092920e+04  -4.58628132e+04   1.06e-07   3.18e-15  4.31e+00      17.1
  39    1.58436884e+04  -4.26442700e+04   7.99e-08   3.14e-15  4.36e+00      17.3
  40    1.53210921e+04  -3.70175671e+04   7.07e-08   2.69e-15  4.82e+00      17.6
  41    1.44144251e+04  -3.40007258e+04   5.60e-08   2.77e-15  4.94e+00      17.9
  42    1.37994447e+04  -3.21236592e+04   4.75e-08   2.69e-15  5.01e+00      18.1
  43    1.27066476e+04  -2.98075505e+04   3.69e-08   3.25e-15  4.97e+00      18.4
  44    1.26432360e+04  -2.93434148e+04   3.55e-08   3.59e-15  5.03e+00      18.6
  45    1.19932697e+04  -2.70851745e+04   2.60e-08   2.84e-15  5.18e+00      18.9
  46    1.12958951e+04  -2.33164492e+04   2.14e-08   2.54e-15  5.76e+00      19.1
  47    1.12167745e+04  -2.33049102e+04   2.08e-08   2.99e-15  5.71e+00      19.4
  48    1.08758660e+04  -2.04790538e+04   1.88e-08   2.39e-15  6.53e+00      19.6
  49    1.08273695e+04  -2.01014516e+04   1.85e-08   2.39e-15  6.67e+00      19.9
  50    9.92346245e+03  -1.78291634e+04   1.52e-08   2.09e-15  7.02e+00      20.1
  51    9.46618127e+03  -1.68457669e+04   1.25e-08   1.65e-15  7.13e+00      20.3
  52    9.17398256e+03  -1.54655575e+04   1.15e-08   1.80e-15  7.83e+00      20.6
  53    8.85053603e+03  -1.51216763e+04   9.74e-09   1.94e-15  7.64e+00      20.8
  54    8.00358069e+03  -1.29002069e+04   7.92e-09   1.87e-15  8.53e+00      21.1
  55    7.40294701e+03  -1.16296531e+04   5.93e-09   1.94e-15  9.00e+00      21.3
  56    7.17598654e+03  -1.10537667e+04   5.11e-09   1.87e-15  9.40e+00      21.6
  57    6.96678850e+03  -9.04875860e+03   4.76e-09   1.65e-15  1.54e+01      21.9
  58    6.43984799e+03  -8.47588538e+03   3.90e-09   1.80e-15  1.46e+01      22.2
  59    6.03696927e+03  -8.17476399e+03   3.37e-09   1.85e-15  1.33e+01      22.5
  60    5.65571283e+03  -8.11893244e+03   2.81e-09   1.94e-15  1.12e+01      22.8
  61    4.99630123e+03  -6.68486933e+03   2.05e-09   1.65e-15  1.38e+01      23.0
  62    4.93672989e+03  -6.14678146e+03   1.95e-09   1.80e-15  1.83e+01      23.3
  63    4.90408539e+03  -6.05734935e+03   1.88e-09   1.80e-15  1.90e+01      23.6
  64    4.86563739e+03  -5.91212983e+03   1.82e-09   1.91e-15  2.06e+01      23.9
  65    4.40030781e+03  -4.71846804e+03   1.36e-09   1.50e-15  5.70e+01      24.1
  66    4.40323694e+03  -4.67766257e+03   1.35e-09   1.65e-15  6.57e+01      24.5
  67    4.35907842e+03  -4.59781427e+03   1.29e-09   1.87e-15  7.44e+01      24.7
  68    3.68548387e+03  -3.34773813e+03   7.68e-10   1.20e-15  4.14e+01      25.0
  69    3.64202485e+03  -3.04439827e+03   7.36e-10   1.20e-15  2.23e+01      25.3
  70    3.48644604e+03  -2.94627168e+03   5.94e-10   1.20e-15  2.37e+01      25.6
  71    3.37526958e+03  -2.47564739e+03   5.49e-10   1.20e-15  1.30e+01      25.9
  72    3.23450338e+03  -2.03739352e+03   4.92e-10   1.20e-15  8.79e+00      26.2
  73    2.20418695e+03  -1.49150808e+03   1.39e-10   8.98e-16  1.03e+01      26.4
  74    1.87947036e+03  -4.49474772e+02   8.96e-11   7.48e-16  3.25e+00      26.7
  75    1.59971859e+03   3.01524496e+01   6.08e-11   5.98e-16  1.92e+00      27.0
  76    9.54196092e+02   5.40118450e+02   4.23e-12   5.98e-16  5.53e-01      27.3
  77    8.19691846e+02   7.44369330e+02   1.26e-12   5.98e-16  9.62e-02      27.7
  78    7.61995106e+02   7.58530146e+02   3.14e-14   5.98e-16  4.55e-03      27.9
  79    7.60088821e+02   7.59669427e+02   1.44e-15   5.98e-16  5.51e-04      28.2
  80    7.60004477e+02   7.59937400e+02   5.55e-16   7.48e-16  8.81e-05      28.5
  81    7.60001720e+02   7.59990443e+02   5.20e-16   5.98e-16  1.48e-05      28.6
  82    7.60000010e+02   7.59998622e+02   1.55e-15   5.98e-16  1.82e-06      28.8
  83    7.60000001e+02   7.59999806e+02   3.33e-16   8.98e-16  2.56e-07      28.9
  84*   7.60000000e+02   7.59999994e+02   6.66e-16   5.98e-16  8.67e-09      29.1
Summary
    Runtime:                                            29.08s
    Status interior point solve:                        optimal
    Status crossover:                                   not run
    objective value:                                    7.60000000e+02
    interior solution primal residual (abs/rel):        8.16e-11 / 5.10e-12
    interior solution dual residual (abs/rel):          4.55e-13 / 5.98e-16
    interior solution objective gap (abs/rel):          6.54e-06 / 8.60e-09
Ipx: IPM       optimal

Performed postsolve

Model status        : Optimal
IPM       iterations: 84
Objective value     :  7.6000000010e+02
P-D objective error :  1.7598819648e-10
HiGHS run time      :         29.13
window 0 [1471,1988) ub 760 | home 148 early 64 states 14061 arcs 488916 | LP 760.000 (29.2s) | status 7 primal 0 dual 760.00 | 29.2s | CERTIFIED (LP)
SUMMARY: incumbent 5095, certified windows 1/1, lower bound 760
