instance ../../instances/n1000m15E.txt incumbent 5095, 1 windows, windows cover 1410 of the cost
WARNING: windows do not cover all delay; outside part counted as LB 0
Running HiGHS 1.15.1 (git hash: 04024d7): Copyright (c) 2026 under MIT licence terms
Includes third-party software components, see THIRD_PARTY_NOTICES.md for full details
LP has 47298 rows; 1967128 cols; 5765374 nonzeros
Coefficient ranges:
  Matrix  [1e+00, 1e+00]
  Cost    [1e+00, 1e+03]
  Bound   [1e+00, 2e+01]
  RHS     [1e+00, 2e+01]
Presolving model
46779 rows, 1935861 cols, 5673585 nonzeros 3s
Dependent equations search running on 45580 equations with time limit of 24.00s
Dependent equations search removed 0 rows and 0 nonzeros in 0.06s (limit = 24.00s)
45642 rows, 1908323 cols, 5593145 nonzeros 6s
Presolve reductions: rows 45642(-1656); columns 1908323(-58805); nonzeros 5593145(-172229) 
Solving the presolved LP
IPX model has 45642 rows, 1908385 columns and 5593207 nonzeros
Input
    Number of variables:                                1908385
    Number of free variables:                           0
    Number of constraints:                              45642
    Number of equality constraints:                     45642
    Number of matrix entries:                           5593207
    Matrix range:                                       [1e+00, 1e+00]
    RHS range:                                          [1e+00, 1e+00]
    Objective range:                                    [1e+00, 1e+03]
    Bounds range:                                       [1e+00, 2e+01]
Preprocessing
    Dualized model:                                     no
    Number of dense columns:                            0
    Range of scaling factors:                           [1.00e+00, 1.00e+00]
    Scaled cost norm:                                   1408
    Scaled bounds norm:                                 15
IPX version 1.0
Interior point solve
 Iter       primal obj         dual obj       pinf       dinf       gap      time
   0    2.70640353e+05  -5.15602123e+09   1.26e-01   5.24e-16  2.00e+00       7.8
   1   -4.95195832e+06  -3.21848797e+09   2.69e-02   6.45e-16  1.99e+00       8.4
   2   -3.31567309e+06  -1.24849946e+09   1.85e-02   1.29e-15  1.99e+00       9.0
   3   -5.46733078e+05  -3.80918057e+08   4.64e-03   1.29e-15  1.99e+00       9.6
   4    1.42758042e+05  -1.23527533e+08   8.93e-04   1.29e-15  2.00e+00      10.3
   5    2.47682689e+05  -7.05253893e+07   2.74e-04   1.29e-15  2.01e+00      11.8
   6    2.65213512e+05  -5.28984003e+07   1.34e-04   1.94e-15  2.02e+00      15.3
 Constructing starting basis...
 Iter       primal obj         dual obj       pinf       dinf       gap      time
   7    2.59144187e+05  -3.78519834e+07   7.32e-05   2.26e-15  2.03e+00      25.9
   8    2.50666564e+05  -2.90767508e+07   4.99e-05   3.87e-15  2.03e+00      32.7
   9    2.47253826e+05  -2.40494533e+07   4.20e-05   6.45e-15  2.04e+00      42.4
  10    2.41802115e+05  -1.80738584e+07   3.25e-05   7.75e-15  2.05e+00      52.6
  11    2.36828788e+05  -1.50902263e+07   2.43e-05   1.03e-14  2.06e+00      62.9
  12    2.32764398e+05  -1.24368262e+07   1.96e-05   1.03e-14  2.08e+00      74.2
  13    2.30705299e+05  -1.11289054e+07   1.70e-05   1.29e-14  2.08e+00      83.2
  14    2.26243205e+05  -9.27229397e+06   1.32e-05   1.55e-14  2.10e+00      90.5
  15    2.22312002e+05  -8.22467155e+06   1.04e-05   2.07e-14  2.11e+00     101.8
  16    2.18276236e+05  -7.06069441e+06   8.19e-06   2.07e-14  2.13e+00     110.4
  17    2.13837603e+05  -6.36029876e+06   5.71e-06   2.58e-14  2.14e+00     119.1
  18    2.07436837e+05  -5.14131067e+06   3.96e-06   2.07e-14  2.17e+00     126.3
  19    2.00864153e+05  -4.27130247e+06   2.98e-06   2.07e-14  2.20e+00     133.5
  20    1.87987215e+05  -3.34565638e+06   1.90e-06   2.07e-14  2.24e+00     142.5
  21    1.79744565e+05  -2.91887330e+06   1.45e-06   2.07e-14  2.26e+00     151.4
  22    1.69998949e+05  -2.50703627e+06   1.04e-06   2.07e-14  2.29e+00     158.4
  23    1.60051741e+05  -2.11646734e+06   7.30e-07   2.07e-14  2.33e+00     164.3
  24    1.51948716e+05  -1.79464870e+06   5.59e-07   1.55e-14  2.37e+00     173.4
  25    1.42360357e+05  -1.61032224e+06   4.20e-07   1.55e-14  2.39e+00     181.3
  26    1.36067039e+05  -1.46599547e+06   3.47e-07   1.55e-14  2.41e+00     188.0
  27    1.31066169e+05  -1.32826961e+06   2.96e-07   2.07e-14  2.44e+00     193.6
  28    1.23755977e+05  -1.11574822e+06   2.16e-07   1.55e-14  2.50e+00     198.8
  29    1.19823455e+05  -9.48155767e+05   1.88e-07   1.55e-14  2.58e+00     204.0
  30    1.16991589e+05  -9.10460359e+05   1.68e-07   1.03e-14  2.59e+00     209.2
  31    1.08927305e+05  -6.87198842e+05   1.33e-07   9.04e-15  2.75e+00     214.7
  32    1.05472087e+05  -6.43329979e+05   1.16e-07   7.75e-15  2.78e+00     219.7
  33    9.90435506e+04  -5.98268894e+05   8.69e-08   1.03e-14  2.79e+00     224.3
  34    9.51803240e+04  -5.36639197e+05   7.42e-08   7.75e-15  2.86e+00     228.5
  35    8.99477504e+04  -5.06338165e+05   5.46e-08   7.75e-15  2.86e+00     232.4
  36    8.41274166e+04  -4.47470245e+05   4.37e-08   7.75e-15  2.93e+00     236.5
  37    8.03088854e+04  -3.83274440e+05   3.68e-08   6.45e-15  3.06e+00     240.7
  38    7.67890665e+04  -3.67962475e+05   2.82e-08   6.45e-15  3.05e+00     244.4
  39    7.31936879e+04  -3.17960256e+05   2.37e-08   5.81e-15  3.20e+00     248.2
  40    6.89874513e+04  -2.61301620e+05   1.97e-08   5.16e-15  3.43e+00     252.3
  41    6.57928826e+04  -2.44009190e+05   1.63e-08   5.16e-15  3.48e+00     256.1
  42    6.17532399e+04  -1.95235917e+05   1.35e-08   5.16e-15  3.85e+00     259.4
  43    5.93324969e+04  -1.64976460e+05   1.20e-08   5.16e-15  4.25e+00     263.3
  44    5.73351528e+04  -1.64111392e+05   1.04e-08   3.87e-15  4.15e+00     267.1
  45    5.65270733e+04  -1.39683003e+05   1.00e-08   3.23e-15  4.72e+00     270.2
  46    5.56919577e+04  -1.33992283e+05   9.56e-09   3.23e-15  4.84e+00     273.5
  47    5.13088271e+04  -1.24267884e+05   7.49e-09   2.90e-15  4.81e+00     276.7
  48    4.70161831e+04  -1.10692671e+05   5.80e-09   2.58e-15  4.95e+00     279.8
  49    4.65133177e+04  -1.07501255e+05   5.51e-09   3.23e-15  5.05e+00     283.0
  50    4.29472903e+04  -9.67952408e+04   4.44e-09   2.58e-15  5.19e+00     285.6
  51    4.14984446e+04  -9.06005927e+04   3.88e-09   2.58e-15  5.38e+00     288.6
  52    4.07949154e+04  -8.82858274e+04   3.66e-09   2.58e-15  5.44e+00     291.5
  53    3.88784554e+04  -8.19078339e+04   3.15e-09   3.23e-15  5.61e+00     294.2
  54    3.75308118e+04  -7.79165203e+04   2.74e-09   3.23e-15  5.72e+00     296.9
  55    3.58180467e+04  -6.65487477e+04   2.42e-09   2.58e-15  6.66e+00     299.6
  56    3.37986675e+04  -5.89723481e+04   2.01e-09   1.69e-15  7.37e+00     302.5
  57    3.23324956e+04  -5.24664682e+04   1.77e-09   1.61e-15  8.42e+00     305.2
  58    3.15610787e+04  -5.22091659e+04   1.60e-09   1.94e-15  8.11e+00     308.0
  59    2.89828051e+04  -4.69372148e+04   1.32e-09   1.94e-15  8.46e+00     310.4
  60    2.78418480e+04  -4.55616901e+04   1.19e-09   1.94e-15  8.28e+00     313.0
  61    2.54609082e+04  -3.93340907e+04   9.74e-10   1.69e-15  9.34e+00     315.4
  62    2.54256962e+04  -3.89530282e+04   9.67e-10   1.73e-15  9.52e+00     317.8
  63    2.38245921e+04  -3.64827479e+04   8.15e-10   1.69e-15  9.53e+00     320.2
  64    2.37063003e+04  -3.62904361e+04   7.86e-10   1.98e-15  9.53e+00     322.5
  65    2.10851256e+04  -3.40428724e+04   5.83e-10   1.94e-15  8.51e+00     324.6
  66    2.04423047e+04  -3.01068659e+04   5.40e-10   1.61e-15  1.05e+01     327.1
  67    1.91869559e+04  -2.83633457e+04   4.23e-10   1.45e-15  1.04e+01     329.2
  68    1.71566418e+04  -2.34548212e+04   2.77e-10   1.29e-15  1.29e+01     331.1
  69    1.65452886e+04  -2.28374604e+04   2.39e-10   1.53e-15  1.25e+01     333.1
  70    1.48692044e+04  -1.41434342e+04   1.97e-10   9.68e-16  7.97e+01     334.9
  71    1.40658655e+04  -1.21215944e+04   1.76e-10   9.68e-16  2.69e+01     337.2
  72    1.30144193e+04  -9.59694688e+03   1.51e-10   8.07e-16  1.32e+01     339.3
  73    1.22164541e+04  -8.33550542e+03   1.34e-10   8.07e-16  1.06e+01     341.3
  74    1.19209898e+04  -8.30309041e+03   1.22e-10   1.29e-15  1.12e+01     343.2
  75    1.16400760e+04  -8.35138303e+03   1.09e-10   1.29e-15  1.22e+01     345.1
  76    1.02221306e+04  -6.36253846e+03   8.58e-11   9.68e-16  8.59e+00     347.1
  77    9.22116832e+03  -5.58025429e+03   6.58e-11   9.68e-16  8.13e+00     349.0
  78    8.07517182e+03  -5.09887221e+03   4.89e-11   9.68e-16  8.85e+00     351.0
  79    7.32123526e+03  -4.53449499e+03   3.86e-11   1.29e-15  8.50e+00     352.9
  80    6.86575596e+03  -3.67627791e+03   3.16e-11   8.07e-16  6.61e+00     354.8
  81    6.00438561e+03  -2.28348624e+03   2.36e-11   6.45e-16  4.45e+00     356.8
  82    5.83505501e+03  -1.75903757e+03   2.16e-11   8.07e-16  3.72e+00     358.9
  83    5.19682530e+03  -1.08324232e+03   1.55e-11   6.45e-16  3.05e+00     360.7
  84    4.00387506e+03   4.47169387e+01   8.69e-12   6.45e-16  1.95e+00     362.8
  85    3.40645661e+03   5.38317211e+02   5.98e-12   9.68e-16  1.45e+00     364.7
  86    1.53386386e+03   1.28668557e+03   2.92e-13   6.45e-16  1.75e-01     366.6
  87    1.41328914e+03   1.40366814e+03   7.77e-15   6.45e-16  6.83e-03     368.6
  88    1.41029945e+03   1.40928168e+03   1.12e-15   6.45e-16  7.21e-04     370.4
  89    1.41002624e+03   1.40987756e+03   1.22e-15   6.45e-16  1.05e-04     372.3
  90    1.41000045e+03   1.40997185e+03   8.95e-16   6.86e-16  2.03e-05     373.1
  91    1.41000010e+03   1.40999633e+03   1.22e-15   6.45e-16  2.67e-06     374.0
  92    1.41000001e+03   1.40999986e+03   3.66e-15   6.45e-16  1.07e-07     374.8
  93*   1.41000000e+03   1.40999999e+03   3.57e-14   4.95e-16  9.78e-09     375.7
Summary
    Runtime:                                            375.76s
    Status interior point solve:                        optimal
    Status crossover:                                   not run
    objective value:                                    1.41000000e+03
    interior solution primal residual (abs/rel):        1.32e-12 / 8.24e-14
    interior solution dual residual (abs/rel):          1.12e-10 / 7.95e-14
    interior solution objective gap (abs/rel):          1.38e-05 / 9.78e-09
Ipx: IPM       optimal

Performed postsolve

Model status        : Optimal
IPM       iterations: 93
Objective value     :  1.4100000000e+03
P-D objective error :  7.0783577200e-11
HiGHS run time      :        375.97
window 0 [2200,3554) ub 1410 | home 386 early 61 states 45496 arcs 1967128 | LP 1410.000 (376.1s) | status 7 primal 0 dual 1410.00 | 376.2s | CERTIFIED (LP)
SUMMARY: incumbent 5095, certified windows 1/1, lower bound 1410
