instance ../../instances/n500m10E.txt incumbent 18435, 1 windows, windows cover 4671 of the cost
WARNING: windows do not cover all delay; outside part counted as LB 0
Running HiGHS 1.15.1 (git hash: 04024d7): Copyright (c) 2026 under MIT licence terms
Includes third-party software components, see THIRD_PARTY_NOTICES.md for full details
LP has 72701 rows; 4903448 cols; 14497169 nonzeros
Coefficient ranges:
  Matrix  [1e+00, 1e+00]
  Cost    [1e+00, 5e+03]
  Bound   [1e+00, 1e+01]
  RHS     [1e+00, 1e+01]
Presolving model
71941 rows, 4821568 cols, 14254106 nonzeros 8s
Dependent equations search running on 70702 equations with time limit of 40.00s
Dependent equations search removed 0 rows and 0 nonzeros in 0.16s (limit = 40.00s)
70823 rows, 4792245 cols, 14168915 nonzeros 19s
Presolve reductions: rows 70823(-1878); columns 4792245(-111203); nonzeros 14168915(-328254) 
Solving the presolved LP
IPX model has 70823 rows, 4792366 columns and 14169036 nonzeros
Input
    Number of variables:                                4792366
    Number of free variables:                           0
    Number of constraints:                              70823
    Number of equality constraints:                     70823
    Number of matrix entries:                           14169036
    Matrix range:                                       [1e+00, 1e+00]
    RHS range:                                          [1e+00, 1e+00]
    Objective range:                                    [1e+00, 5e+03]
    Bounds range:                                       [1e+00, 1e+01]
Preprocessing
    Dualized model:                                     no
    Number of dense columns:                            0
    Range of scaling factors:                           [1.00e+00, 1.00e+00]
    Scaled cost norm:                                   4670
    Scaled bounds norm:                                 10
IPX version 1.0
Interior point solve
 Iter       primal obj         dual obj       pinf       dinf       gap      time
   0    3.41902882e+05  -3.28107119e+10   1.76e-01   2.92e-16  2.00e+00      22.5
   1   -4.80456540e+07  -2.20919844e+10   3.92e-02   6.81e-16  1.99e+00      24.2
   2   -1.75092996e+07  -7.91079123e+09   1.61e-02   9.74e-16  1.99e+00      25.8
   3   -2.24087811e+06  -2.34444101e+09   3.04e-03   1.17e-15  2.00e+00      27.4
   4    1.43541951e+05  -6.47067457e+08   7.06e-04   1.17e-15  2.00e+00      29.0
   5    5.27599909e+05  -1.31119543e+08   2.16e-04   1.17e-15  2.02e+00      32.5
   6    6.04685667e+05  -1.01475277e+08   1.09e-04   1.56e-15  2.02e+00      39.9
   7    6.05590128e+05  -9.36769953e+07   1.02e-04   1.95e-15  2.03e+00      46.6
   8    6.03746454e+05  -9.14556483e+07   8.80e-05   2.34e-15  2.03e+00      53.3
   9    6.00774176e+05  -8.60302049e+07   5.53e-05   3.12e-15  2.03e+00      60.1
  10    5.87763580e+05  -7.34431183e+07   3.25e-05   3.12e-15  2.03e+00      68.0
  11    5.70177245e+05  -6.53260667e+07   2.27e-05   3.89e-15  2.04e+00      76.2
  12    5.61677091e+05  -6.15640857e+07   2.00e-05   6.23e-15  2.04e+00      84.4
  13    5.51108975e+05  -5.80514446e+07   1.70e-05   6.23e-15  2.04e+00      93.0
  14    5.45052472e+05  -5.25919604e+07   1.57e-05   9.35e-15  2.04e+00     102.0
  15    5.40003066e+05  -4.98591170e+07   1.47e-05   1.25e-14  2.04e+00     111.5
  16    5.36705474e+05  -4.51128907e+07   1.42e-05   1.56e-14  2.05e+00     121.0
  17    5.24236813e+05  -4.20054702e+07   1.18e-05   1.87e-14  2.05e+00     130.5
  18    5.13609146e+05  -4.07881065e+07   9.46e-06   1.87e-14  2.05e+00     139.9
  19    5.02826944e+05  -3.82967448e+07   7.52e-06   2.49e-14  2.05e+00     150.2
  20    4.96886851e+05  -3.43311688e+07   6.49e-06   2.80e-14  2.06e+00     160.9
  21    4.92302953e+05  -3.39659209e+07   5.60e-06   3.43e-14  2.06e+00     172.7
  22    4.81863486e+05  -3.17199481e+07   4.04e-06   3.74e-14  2.06e+00     184.8
  23    4.78618821e+05  -2.96441050e+07   3.55e-06   4.98e-14  2.07e+00     197.9
  24    4.71675372e+05  -2.65490565e+07   2.43e-06   4.98e-14  2.07e+00     211.6
 Constructing starting basis...
 Iter       primal obj         dual obj       pinf       dinf       gap      time
  25    4.68963809e+05  -2.50189807e+07   2.05e-06   5.61e-14  2.08e+00     241.9
  26    4.64437119e+05  -2.12950349e+07   1.57e-06   4.98e-14  2.09e+00     259.3
  27    4.59531905e+05  -2.01895048e+07   1.03e-06   5.61e-14  2.09e+00     277.5
  28    4.51431244e+05  -1.46221532e+07   6.63e-07   4.98e-14  2.13e+00     295.1
  29    4.45442704e+05  -1.17811271e+07   4.96e-07   4.98e-14  2.16e+00     312.6
  30    4.32137294e+05  -8.58433110e+06   3.43e-07   3.12e-14  2.21e+00     329.0
  31    4.28126365e+05  -8.26390981e+06   3.05e-07   4.98e-14  2.22e+00     347.3
  32    4.13001443e+05  -7.05905032e+06   2.15e-07   4.98e-14  2.25e+00     365.0
  33    4.00466858e+05  -6.10502571e+06   1.56e-07   4.98e-14  2.28e+00     383.7
  34    3.94123020e+05  -5.70618486e+06   1.35e-07   7.48e-14  2.30e+00     401.7
  35    3.88978138e+05  -5.20105046e+06   1.18e-07   7.48e-14  2.32e+00     418.1
  36    3.74625812e+05  -4.19592764e+06   8.51e-08   7.48e-14  2.39e+00     433.3
  37    3.67612866e+05  -3.73060658e+06   7.35e-08   4.98e-14  2.44e+00     451.0
  38    3.64068641e+05  -3.56897532e+06   6.71e-08   7.48e-14  2.45e+00     467.4
  39    3.54097388e+05  -3.18713058e+06   5.62e-08   9.97e-14  2.50e+00     482.6
  40    3.45605838e+05  -2.91161986e+06   4.75e-08   9.97e-14  2.54e+00     498.9
  41    3.35792230e+05  -2.63305285e+06   3.87e-08   9.97e-14  2.58e+00     514.6
  42    3.28142595e+05  -2.42533095e+06   3.25e-08   9.97e-14  2.63e+00     531.1
  43    3.23179998e+05  -2.15931873e+06   2.92e-08   9.97e-14  2.70e+00     547.2
  44    3.14228980e+05  -2.06324401e+06   2.46e-08   1.50e-13  2.72e+00     562.3
  45    3.07806244e+05  -1.80654447e+06   2.20e-08   1.50e-13  2.82e+00     578.1
  46    2.98862522e+05  -1.62408709e+06   1.83e-08   1.50e-13  2.90e+00     594.0
  47    2.94634956e+05  -1.50767684e+06   1.70e-08   1.50e-13  2.97e+00     609.7
  48    2.85295251e+05  -1.39899812e+06   1.43e-08   9.97e-14  3.02e+00     624.1
  49    2.77688265e+05  -1.24675197e+06   1.27e-08   1.99e-13  3.15e+00     638.4
  50    2.71979490e+05  -1.21862468e+06   1.13e-08   1.99e-13  3.15e+00     652.3
  51    2.69175459e+05  -1.16972572e+06   1.06e-08   1.99e-13  3.20e+00     665.6
  52    2.60780747e+05  -1.09185347e+06   9.33e-09   1.99e-13  3.26e+00     678.1
  53    2.52424939e+05  -9.90205315e+05   8.14e-09   2.99e-13  3.37e+00     691.9
  54    2.48915491e+05  -9.76715118e+05   7.44e-09   2.99e-13  3.37e+00     704.8
  55    2.44263202e+05  -9.40541413e+05   6.84e-09   2.99e-13  3.40e+00     717.6
  56    2.38084317e+05  -9.04378018e+05   6.01e-09   2.99e-13  3.43e+00     729.0
  57    2.35516308e+05  -8.98044647e+05   5.71e-09   2.99e-13  3.42e+00     741.7
  58    2.26478246e+05  -7.81468876e+05   4.86e-09   2.99e-13  3.63e+00     753.3
  59    2.22375442e+05  -7.34553812e+05   4.44e-09   2.99e-13  3.74e+00     765.7
  60    2.15565428e+05  -6.61779262e+05   3.87e-09   2.99e-13  3.93e+00     777.3
  61    2.12418792e+05  -6.19629025e+05   3.60e-09   3.99e-13  4.09e+00     789.0
  62    2.00270313e+05  -5.27849921e+05   2.85e-09   3.99e-13  4.45e+00     800.0
  63    1.97863224e+05  -5.07463211e+05   2.71e-09   3.99e-13  4.56e+00     812.4
  64    1.93199482e+05  -4.82800339e+05   2.50e-09   5.98e-13  4.67e+00     823.3
  65    1.89055024e+05  -4.42551603e+05   2.32e-09   5.98e-13  4.98e+00     833.8
  66    1.81556634e+05  -4.20083172e+05   2.00e-09   5.98e-13  5.04e+00     842.9
  67    1.74117597e+05  -3.97987394e+05   1.75e-09   5.98e-13  5.11e+00     852.7
  68    1.67793981e+05  -3.81689377e+05   1.56e-09   5.98e-13  5.14e+00     862.8
  69    1.67515253e+05  -3.81214046e+05   1.55e-09   5.98e-13  5.14e+00     872.6
  70    1.63069637e+05  -3.61309309e+05   1.42e-09   7.98e-13  5.29e+00     880.4
  71    1.56678799e+05  -3.27372554e+05   1.25e-09   5.98e-13  5.67e+00     888.2
  72    1.55258774e+05  -3.26861081e+05   1.19e-09   7.98e-13  5.62e+00     897.3
  73    1.45837433e+05  -2.92244482e+05   9.82e-10   7.98e-13  5.98e+00     904.3
  74    1.43112884e+05  -2.91125307e+05   8.95e-10   7.98e-13  5.87e+00     913.2
  75    1.40830971e+05  -2.70131621e+05   8.53e-10   1.20e-12  6.36e+00     920.6
  76    1.38894356e+05  -2.67912683e+05   8.15e-10   1.20e-12  6.31e+00     927.4
  77    1.27941060e+05  -2.52606674e+05   5.98e-10   1.20e-12  6.10e+00     934.2
  78    1.26614244e+05  -2.23732731e+05   5.76e-10   1.20e-12  7.21e+00     941.7
  79    1.21380740e+05  -2.18635829e+05   4.89e-10   1.20e-12  6.99e+00     948.6
  80    1.18703776e+05  -2.11331145e+05   4.54e-10   1.20e-12  7.13e+00     955.6
  81    1.16104035e+05  -2.03311987e+05   4.24e-10   1.60e-12  7.33e+00     961.9
  82    1.15984619e+05  -2.02944005e+05   4.22e-10   1.60e-12  7.33e+00     968.3
  83    1.10359516e+05  -1.96335974e+05   3.57e-10   1.60e-12  7.13e+00     973.5
  84    1.08017274e+05  -1.81373656e+05   3.33e-10   1.20e-12  7.89e+00     978.9
  85    1.04793134e+05  -1.70320179e+05   2.96e-10   1.20e-12  8.40e+00     984.7
  86    1.02661154e+05  -1.61157242e+05   2.73e-10   1.20e-12  9.02e+00     990.3
  87    9.97533225e+04  -1.51538522e+05   2.39e-10   1.60e-12  9.70e+00     995.6
  88    9.53224830e+04  -1.42923578e+05   1.99e-10   1.60e-12  1.00e+01    1000.9
  89    9.29574805e+04  -1.41534413e+05   1.71e-10   1.60e-12  9.65e+00    1006.7
  90    8.39681665e+04  -1.23528047e+05   1.29e-10   1.60e-12  1.05e+01    1011.9
  91    8.15079781e+04  -1.18505364e+05   1.14e-10   2.39e-12  1.08e+01    1018.0
  92    7.94939734e+04  -1.15629568e+05   1.01e-10   2.39e-12  1.08e+01    1023.6
  93    7.71747613e+04  -1.11663548e+05   9.37e-11   2.39e-12  1.10e+01    1029.3
  94    7.43804727e+04  -9.98820408e+04   8.65e-11   2.39e-12  1.37e+01    1034.9
  95    7.32987484e+04  -9.31408582e+04   8.08e-11   2.39e-12  1.68e+01    1040.2
  96    6.62614707e+04  -8.03190254e+04   6.33e-11   2.39e-12  2.09e+01    1045.5
  97    6.47741936e+04  -7.88006597e+04   5.85e-11   3.19e-12  2.05e+01    1051.8
  98    6.33848547e+04  -7.48223628e+04   5.46e-11   3.19e-12  2.42e+01    1056.9
  99    5.96677572e+04  -6.85378454e+04   4.85e-11   4.79e-12  2.89e+01    1062.3
 100    5.56214381e+04  -4.71266143e+04   4.28e-11   3.19e-12  2.42e+01    1067.4
 101    5.46017611e+04  -4.53892861e+04   4.06e-11   3.19e-12  2.17e+01    1073.9
 102    5.11433429e+04  -3.94048940e+04   3.54e-11   3.19e-12  1.54e+01    1079.0
 103    4.73474459e+04  -3.88988313e+04   2.85e-11   3.19e-12  2.04e+01    1084.8
 104    4.34395200e+04  -3.43992464e+04   2.36e-11   4.79e-12  1.72e+01    1090.3
 105    4.08861378e+04  -3.09257949e+04   2.04e-11   3.19e-12  1.44e+01    1096.0
 106    3.99230076e+04  -2.98280794e+04   1.87e-11   3.19e-12  1.38e+01    1102.0
 107    3.61394892e+04  -2.59413645e+04   1.48e-11   3.19e-12  1.22e+01    1107.6
 108    3.07661831e+04  -1.61120931e+04   1.13e-11   6.38e-12  6.40e+00    1113.5
 109    2.73344669e+04  -9.46445140e+03   9.04e-12   6.38e-12  4.12e+00    1119.6
 110    2.54324671e+04  -8.60613678e+03   7.67e-12   6.38e-12  4.05e+00    1125.7
 111    2.27896753e+04  -5.69291457e+03   6.23e-12   6.38e-12  3.33e+00    1132.7
 112    2.08097555e+04  -4.71486587e+03   5.00e-12   6.38e-12  3.17e+00    1138.5
 113    1.99426204e+04  -4.39361941e+03   4.52e-12   6.38e-12  3.13e+00    1144.6
 114    1.38551110e+04  -2.78137986e+03   2.33e-12   6.38e-12  3.00e+00    1150.4
 115    1.14719888e+04   2.08651925e+03   1.62e-12   6.38e-12  1.38e+00    1156.9
 116    9.65225907e+03   3.16755588e+03   1.12e-12   6.38e-12  1.01e+00    1163.0
 117    6.94204365e+03   4.09687330e+03   4.73e-13   6.38e-12  5.15e-01    1169.5
 118    4.98832808e+03   4.48989833e+03   7.64e-14   6.38e-12  1.05e-01    1174.8
 119    4.62653611e+03   4.59016534e+03   4.04e-15   6.38e-12  7.89e-03    1179.6
 120    4.60617508e+03   4.60471971e+03   1.92e-15   1.28e-11  3.16e-04    1185.0
 121    4.60553811e+03   4.60540966e+03   2.47e-15   1.28e-11  2.79e-05    1188.8
 122    4.60550805e+03   4.60549690e+03   1.74e-15   3.19e-12  2.42e-06    1190.9
 123    4.60550003e+03   4.60549948e+03   2.17e-15   2.39e-12  1.19e-07    1192.8
 124    4.60550000e+03   4.60549990e+03   5.18e-14   2.19e-12  2.26e-08    1196.0
 125*   4.60550000e+03   4.60550000e+03   1.14e-13   2.19e-12  2.90e-11    1198.0
Summary
    Runtime:                                            1198.27s
    Status interior point solve:                        optimal
    Status crossover:                                   not run
    objective value:                                    4.60550000e+03
    interior solution primal residual (abs/rel):        4.09e-12 / 3.72e-13
    interior solution dual residual (abs/rel):          7.45e-09 / 1.60e-12
    interior solution objective gap (abs/rel):          1.23e-07 / 2.67e-11
Ipx: IPM       optimal

Performed postsolve

Model status        : Optimal
IPM       iterations: 125
Objective value     :  4.6055000000e+03
P-D objective error :  7.7769102973e-12
HiGHS run time      :       1198.84
   rcfix: Lagrangian bound 4605.500, kept 22533 of 4903448 columns (1199.6s)
Running HiGHS 1.15.1 (git hash: 04024d7): Copyright (c) 2026 under MIT licence terms
Includes third-party software components, see THIRD_PARTY_NOTICES.md for full details
MIP has 72701 rows; 22533 cols; 63011 nonzeros; 21372 integer variables (21372 binary)
Coefficient ranges:
  Matrix  [1e+00, 1e+00]
  Cost    [1e+00, 4e+03]
  Bound   [1e+00, 1e+01]
  RHS     [1e+00, 1e+01]
Presolving model
1786 rows, 6780 cols, 18916 nonzeros 0s
1102 rows, 5966 cols, 17867 nonzeros 0s
889 rows, 5708 cols, 17114 nonzeros 0s
Presolve reductions: rows 889(-71812); columns 5708(-16825); nonzeros 17114(-45897) 
Objective function is integral with scale 1

Solving MIP model with:
   889 rows
   5708 cols (5627 binary, 0 integer, 81 implied int., 0 continuous, 0 domain fixed)
   17114 nonzeros
   Thread count 1 (of 20 threads). Using 1 max workers. Parallel search off

Src: B => Branching; C => Central rounding; F => Feasibility pump; H => Heuristic;
     I => Shifting; J => Feasibility jump; L => Sub-MIP; P => Empty MIP; R => Randomized rounding;
     S => Solve LP; T => Evaluate node; U => Unbounded; X => User solution; Y => HiGHS solution;
     Z => ZI Round; l => Trivial lower; p => Trivial point; u => Trivial upper; z => Trivial zero

        Nodes      |    B&B Tree     |            Objective Bounds              |  Dynamic Constraints |       Work      
Src  Proc. InQueue |  Leaves   Expl. | BestBound       BestSol              Gap |   Cuts   InLp Confl. | LpIters     Time

         0       0         0   0.00%   -2584           4670.5           140.20%        0      0      0         0     0.2s

31.3% inactive integer columns, restarting
Model after restart has 635 rows, 3850 cols (3777 bin., 0 int., 73 impl., 0 cont., 0 dom.fix.), and 10556 nonzeros

         0       0         0   0.00%   4605.5          4670.5            28.35%        0      0      0       720     0.3s
         0       0         0   0.00%   4605.5          4670.5            28.35%        0      0      2      1024     0.3s
         1       0         1 100.00%   4671            4670.5            27.33%        0      0      2      1052     0.4s

Solving report
  Status            Optimal
  Primal bound      6428
  Dual bound        4671
  Gap               27.33% (tolerance: 0.00778%)
  P-D integral      0.0505533552941
  Solution status   feasible
                    6428 (objective)
                    0 (bound viol.)
                    0 (int. viol.)
                    0 (row viol.)
  Timing            0.36
                    0.20 (Presolve)
                    0.16 (Solve)
                    0.00 (Postsolve)
  Max sub-MIP depth 0
  Nodes             1
  Repair LPs        0
  LP iterations     1052
                    0 (strong br.)
                    28 (separation)
                    0 (heuristics)
window 0 [1800,3000) ub 4671 | home 154 early 120 states 71226 arcs 4903448 | LP 4605.500 (1199.2s) | status 7 primal 6428 dual 4671.00 | 1200.0s | CERTIFIED (MIP)
SUMMARY: incumbent 18435, certified windows 1/1, lower bound 4671
