instance ../../instances/n500m10E.txt incumbent 18435, 1 windows, windows cover 6266 of the cost
WARNING: windows do not cover all delay; outside part counted as LB 0
Running HiGHS 1.15.1 (git hash: 04024d7): Copyright (c) 2026 under MIT licence terms
Includes third-party software components, see THIRD_PARTY_NOTICES.md for full details
LP has 54230 rows; 2512049 cols; 7379999 nonzeros
Coefficient ranges:
  Matrix  [1e+00, 1e+00]
  Cost    [1e+00, 6e+03]
  Bound   [1e+00, 1e+01]
  RHS     [1e+00, 1e+01]
Presolving model
53916 rows, 2505193 cols, 7360441 nonzeros 4s
Dependent equations search running on 52619 equations with time limit of 24.00s
Dependent equations search removed 0 rows and 0 nonzeros in 0.10s (limit = 24.00s)
52620 rows, 2488146 cols, 7311708 nonzeros 8s
Presolve reductions: rows 52620(-1610); columns 2488146(-23903); nonzeros 7311708(-68291) 
Solving the presolved LP
IPX model has 52620 rows, 2488147 columns and 7311709 nonzeros
Input
    Number of variables:                                2488147
    Number of free variables:                           0
    Number of constraints:                              52620
    Number of equality constraints:                     52620
    Number of matrix entries:                           7311709
    Matrix range:                                       [1e+00, 1e+00]
    RHS range:                                          [1e+00, 1e+00]
    Objective range:                                    [1e+00, 6e+03]
    Bounds range:                                       [1e+00, 1e+01]
Preprocessing
    Dualized model:                                     no
    Number of dense columns:                            0
    Range of scaling factors:                           [1.00e+00, 1.00e+00]
    Scaled cost norm:                                   6265
    Scaled bounds norm:                                 10
IPX version 1.0
Interior point solve
 Iter       primal obj         dual obj       pinf       dinf       gap      time
   0    7.37267881e+05  -3.74083378e+10   1.86e-01   5.81e-16  2.00e+00      10.2
   1   -2.31272397e+07  -2.22263228e+10   3.84e-02   8.71e-16  2.00e+00      11.2
   2   -1.31169797e+07  -8.08865599e+09   2.38e-02   1.74e-15  1.99e+00      12.3
   3   -3.09297266e+05  -1.99500120e+09   1.95e-03   1.74e-15  2.00e+00      13.1
   4    4.05173478e+05  -7.06366191e+08   5.28e-04   1.74e-15  2.00e+00      14.2
   5    5.59837619e+05  -3.55338471e+08   2.66e-04   2.32e-15  2.01e+00      16.5
   6    5.80853460e+05  -3.04479316e+08   2.05e-04   2.32e-15  2.01e+00      20.7
   7    6.20851660e+05  -2.48520077e+08   7.26e-05   3.48e-15  2.01e+00      25.6
   8    6.18985985e+05  -1.64774816e+08   2.36e-05   3.48e-15  2.02e+00      31.2
   9    6.15939261e+05  -1.37934082e+08   2.05e-05   4.64e-15  2.02e+00      37.5
  10    6.13970502e+05  -1.27784195e+08   1.82e-05   6.97e-15  2.02e+00      43.9
  11    6.11790317e+05  -1.00209804e+08   1.69e-05   6.97e-15  2.02e+00      50.6
  12    6.10240578e+05  -9.94809951e+07   1.58e-05   9.29e-15  2.02e+00      57.3
  13    6.07294653e+05  -7.95586978e+07   1.39e-05   1.39e-14  2.03e+00      64.3
  14    6.02425848e+05  -6.31737424e+07   1.10e-05   1.39e-14  2.04e+00      71.0
  15    5.96606578e+05  -5.48650779e+07   7.50e-06   1.39e-14  2.04e+00      78.0
  16    5.92050483e+05  -4.35440616e+07   5.08e-06   1.86e-14  2.06e+00      85.3
 Constructing starting basis...
 Iter       primal obj         dual obj       pinf       dinf       gap      time
  17    5.88093752e+05  -4.25220732e+07   3.55e-06   2.32e-14  2.06e+00      98.6
  18    5.83024127e+05  -2.82792705e+07   2.60e-06   1.86e-14  2.08e+00     106.0
  19    5.78706582e+05  -2.57147960e+07   1.98e-06   1.86e-14  2.09e+00     113.0
  20    5.71119055e+05  -2.01306585e+07   1.42e-06   1.86e-14  2.12e+00     119.5
  21    5.49266787e+05  -1.34213716e+07   5.50e-07   1.86e-14  2.17e+00     126.2
  22    5.27012538e+05  -9.65303103e+06   3.02e-07   1.16e-14  2.23e+00     133.4
  23    5.22171906e+05  -9.18009766e+06   2.74e-07   1.39e-14  2.24e+00     141.5
  24    5.09868180e+05  -8.44099542e+06   2.07e-07   1.39e-14  2.26e+00     149.4
  25    4.94262215e+05  -8.30264881e+06   1.52e-07   1.39e-14  2.25e+00     157.9
  26    4.77103916e+05  -5.63232660e+06   1.16e-07   1.16e-14  2.37e+00     166.3
  27    4.60310704e+05  -4.85004027e+06   8.80e-08   9.29e-15  2.42e+00     175.2
  28    4.45569620e+05  -4.44652993e+06   6.95e-08   9.29e-15  2.45e+00     184.1
  29    4.36649764e+05  -4.11573294e+06   6.17e-08   9.29e-15  2.47e+00     192.7
  30    4.20978664e+05  -3.68769523e+06   4.61e-08   9.29e-15  2.52e+00     200.8
  31    4.07862359e+05  -3.28313290e+06   3.60e-08   6.97e-15  2.57e+00     208.8
  32    3.93317581e+05  -2.69664113e+06   2.88e-08   4.64e-15  2.68e+00     217.5
  33    3.87497659e+05  -2.61505677e+06   2.61e-08   6.97e-15  2.70e+00     225.8
  34    3.83446649e+05  -2.40015309e+06   2.51e-08   6.97e-15  2.76e+00     234.2
  35    3.72448258e+05  -2.02360846e+06   2.21e-08   6.97e-15  2.90e+00     241.7
  36    3.67098792e+05  -1.82018488e+06   2.10e-08   5.81e-15  3.01e+00     250.2
  37    3.49556009e+05  -1.64344897e+06   1.69e-08   4.64e-15  3.08e+00     257.9
  38    3.39013354e+05  -1.54765931e+06   1.46e-08   3.48e-15  3.12e+00     266.0
  39    3.25265173e+05  -1.40632591e+06   1.17e-08   2.90e-15  3.20e+00     273.5
  40    3.12977840e+05  -1.10602180e+06   1.00e-08   2.90e-15  3.58e+00     280.9
  41    3.10440298e+05  -1.10459681e+06   9.64e-09   3.48e-15  3.56e+00     289.1
  42    3.08835316e+05  -1.07989710e+06   9.46e-09   3.48e-15  3.60e+00     296.0
  43    3.00314367e+05  -1.03284449e+06   8.47e-09   3.48e-15  3.64e+00     302.0
  44    2.93051661e+05  -9.52015420e+05   7.49e-09   2.32e-15  3.78e+00     307.6
  45    2.63531189e+05  -7.21970966e+05   5.44e-09   1.74e-15  4.30e+00     314.1
  46    2.53235463e+05  -7.04319056e+05   4.64e-09   1.74e-15  4.25e+00     322.1
  47    2.38383076e+05  -6.14116687e+05   3.84e-09   1.74e-15  4.54e+00     328.8
  48    2.20872925e+05  -4.66945506e+05   3.17e-09   1.74e-15  5.59e+00     336.2
  49    2.06032677e+05  -4.35700932e+05   2.58e-09   1.31e-15  5.59e+00     344.2
  50    1.98078498e+05  -3.92526057e+05   2.34e-09   1.31e-15  6.07e+00     350.7
  51    1.78389899e+05  -3.21437560e+05   1.79e-09   1.16e-15  6.99e+00     355.9
  52    1.78248564e+05  -3.21408621e+05   1.79e-09   1.16e-15  6.98e+00     362.1
  53    1.70707258e+05  -3.02778473e+05   1.54e-09   1.31e-15  7.17e+00     366.3
  54    1.58664520e+05  -2.91943641e+05   1.24e-09   1.45e-15  6.76e+00     370.7
  55    1.48801047e+05  -2.75243244e+05   9.54e-10   1.74e-15  6.71e+00     375.2
  56    1.40661209e+05  -2.47209969e+05   7.40e-10   1.16e-15  7.28e+00     379.2
  57    1.25335796e+05  -1.90282732e+05   5.72e-10   1.02e-15  9.72e+00     383.7
  58    1.17308535e+05  -1.80511456e+05   4.50e-10   8.71e-16  9.42e+00     387.8
  59    1.10382865e+05  -1.57187524e+05   3.78e-10   1.02e-15  1.14e+01     391.7
  60    1.05307954e+05  -1.52578924e+05   3.17e-10   1.16e-15  1.09e+01     395.4
  61    9.36223108e+04  -1.27156990e+05   2.39e-10   8.71e-16  1.32e+01     398.5
  62    8.96047692e+04  -1.07202239e+05   2.09e-10   8.71e-16  2.24e+01     402.0
  63    8.37144499e+04  -9.76929856e+04   1.64e-10   7.62e-16  2.60e+01     404.8
  64    7.69937911e+04  -8.43317391e+04   1.29e-10   7.26e-16  4.40e+01     407.7
  65    7.17403056e+04  -7.53368054e+04   1.09e-10   7.26e-16  8.17e+01     410.3
  66    7.13716840e+04  -7.48986611e+04   1.07e-10   1.02e-15  8.29e+01     412.9
  67    6.56131824e+04  -6.22750610e+04   8.81e-11   8.71e-16  7.66e+01     415.2
  68    5.88201224e+04  -5.09117495e+04   6.86e-11   8.71e-16  2.77e+01     417.6
  69    5.85595223e+04  -5.01486237e+04   6.74e-11   8.71e-16  2.58e+01     420.7
  70    5.11042423e+04  -4.50334733e+04   4.88e-11   7.26e-16  3.17e+01     422.9
  71    4.97742040e+04  -4.29804248e+04   4.42e-11   8.71e-16  2.73e+01     425.5
  72    4.86241054e+04  -4.11091851e+04   4.04e-11   8.71e-16  2.39e+01     427.8
  73    3.71250691e+04  -3.11746269e+04   2.29e-11   8.71e-16  2.29e+01     429.9
  74    3.70791300e+04  -3.11108011e+04   2.25e-11   8.71e-16  2.28e+01     432.9
  75    3.55549988e+04  -2.83189933e+04   2.03e-11   1.16e-15  1.76e+01     435.1
  76    3.13347112e+04  -2.39853297e+04   1.40e-11   8.71e-16  1.51e+01     437.6
  77    2.82580628e+04  -2.12822023e+04   1.04e-11   1.02e-15  1.42e+01     440.1
  78    2.51243948e+04  -1.97123484e+04   7.66e-12   1.16e-15  1.66e+01     442.5
  79    2.01044306e+04  -9.54833582e+03   4.47e-12   5.81e-16  5.62e+00     444.8
  80    1.81521192e+04  -2.04587648e+03   3.50e-12   8.71e-16  2.51e+00     447.5
  81    1.18022272e+04   1.82579090e+03   1.26e-12   5.81e-16  1.46e+00     450.4
  82    9.91177913e+03   3.17512294e+03   5.72e-13   5.81e-16  1.03e+00     452.8
  83    8.98284502e+03   4.49017943e+03   3.41e-13   5.81e-16  6.67e-01     455.4
  84    6.65790579e+03   6.08255875e+03   4.07e-14   8.71e-16  9.03e-02     458.0
  85    6.28494283e+03   6.23582332e+03   2.10e-15   8.71e-16  7.84e-03     460.3
  86    6.26789453e+03   6.26073189e+03   1.29e-15   8.71e-16  1.14e-03     462.6
  87    6.26615633e+03   6.26488057e+03   1.24e-15   7.26e-16  2.04e-04     464.9
  88    6.26602284e+03   6.26588729e+03   1.32e-15   5.81e-16  2.16e-05     465.8
  89    6.26600198e+03   6.26598025e+03   1.60e-15   5.81e-16  3.47e-06     466.7
  90    6.26600057e+03   6.26599880e+03   2.63e-15   5.81e-16  2.82e-07     467.6
  91    6.26600019e+03   6.26599968e+03   1.48e-15   5.81e-16  8.14e-08     468.5
  92    6.26600000e+03   6.26599993e+03   5.05e-14   7.26e-16  1.14e-08     469.6
  93*   6.26600000e+03   6.26600000e+03   4.75e-14   5.81e-16  4.07e-12     471.1
Summary
    Runtime:                                            471.20s
    Status interior point solve:                        optimal
    Status crossover:                                   not run
    objective value:                                    6.26600000e+03
    interior solution primal residual (abs/rel):        4.87e-12 / 4.43e-13
    interior solution dual residual (abs/rel):          9.22e-11 / 1.47e-14
    interior solution objective gap (abs/rel):          2.06e-08 / 3.29e-12
Ipx: IPM       optimal

Performed postsolve

Model status        : Optimal
IPM       iterations: 93
Objective value     :  6.2660000000e+03
P-D objective error :  1.1750935694e-12
HiGHS run time      :        471.48
window 0 [0,1300) ub 6266 | home 239 early 0 states 52690 arcs 2512049 | LP 6266.000 (471.6s) | status 7 primal 0 dual 6266.00 | 471.8s | CERTIFIED (LP)
SUMMARY: incumbent 18435, certified windows 1/1, lower bound 6266
