instance ../../instances/n700m12E.txt incumbent 13090, 1 windows, windows cover 1026 of the cost
WARNING: windows do not cover all delay; outside part counted as LB 0
Running HiGHS 1.15.1 (git hash: 04024d7): Copyright (c) 2026 under MIT licence terms
Includes third-party software components, see THIRD_PARTY_NOTICES.md for full details
LP has 23934 rows; 863925 cols; 2522926 nonzeros
Coefficient ranges:
  Matrix  [1e+00, 1e+00]
  Cost    [2e+00, 1e+03]
  Bound   [1e+00, 1e+01]
  RHS     [1e+00, 1e+01]
Presolving model
23095 rows, 800930 cols, 2336888 nonzeros 1s
Dependent equations search running on 21696 equations with time limit of 24.00s
Dependent equations search removed 0 rows and 0 nonzeros in 0.02s (limit = 24.00s)
21808 rows, 764757 cols, 2235059 nonzeros 2s
Presolve reductions: rows 21808(-2126); columns 764757(-99168); nonzeros 2235059(-287867) 
Solving the presolved LP
IPX model has 21808 rows, 764869 columns and 2235171 nonzeros
Input
    Number of variables:                                764869
    Number of free variables:                           0
    Number of constraints:                              21808
    Number of equality constraints:                     21808
    Number of matrix entries:                           2235171
    Matrix range:                                       [1e+00, 1e+00]
    RHS range:                                          [1e+00, 1e+00]
    Objective range:                                    [2e+00, 1e+03]
    Bounds range:                                       [1e+00, 1e+01]
Preprocessing
    Dualized model:                                     no
    Number of dense columns:                            0
    Range of scaling factors:                           [1.00e+00, 1.00e+00]
    Scaled cost norm:                                   1025
    Scaled bounds norm:                                 12
IPX version 1.0
Interior point solve
 Iter       primal obj         dual obj       pinf       dinf       gap      time
   0    5.91881452e+04  -1.02097086e+09   1.46e-01   2.77e-16  2.00e+00       3.3
   1   -1.49929855e+06  -7.07471310e+08   3.42e-02   5.54e-16  1.99e+00       3.6
   2   -5.22113394e+05  -2.57139562e+08   1.42e-02   8.86e-16  1.99e+00       3.8
   3    1.27567648e+04  -5.13242905e+07   2.73e-03   8.86e-16  2.00e+00       4.0
   4    9.59113179e+04  -2.19927849e+07   6.12e-04   8.86e-16  2.02e+00       4.3
   5    1.02407990e+05  -1.53706976e+07   2.95e-04   1.33e-15  2.03e+00       5.0
   6    9.91327965e+04  -1.09082730e+07   1.65e-04   1.33e-15  2.04e+00       5.8
   7    9.60333534e+04  -9.08462582e+06   1.31e-04   2.66e-15  2.04e+00       6.7
   8    9.19387606e+04  -7.85198309e+06   1.03e-04   2.66e-15  2.05e+00       7.6
   9    8.89655858e+04  -6.87555366e+06   8.55e-05   3.55e-15  2.05e+00       8.6
  10    8.25602542e+04  -6.25612526e+06   5.37e-05   5.32e-15  2.05e+00       9.5
  11    7.79394005e+04  -5.62664050e+06   3.78e-05   7.09e-15  2.06e+00      10.5
  12    7.40269553e+04  -5.03210009e+06   2.70e-05   7.98e-15  2.06e+00      11.5
  13    7.20717695e+04  -4.49113445e+06   2.22e-05   1.06e-14  2.07e+00      12.6
  14    7.00413390e+04  -4.11938274e+06   1.75e-05   1.42e-14  2.07e+00      13.7
  15    6.83892640e+04  -3.47756452e+06   1.49e-05   1.42e-14  2.08e+00      14.8
  16    6.79340176e+04  -3.25065009e+06   1.42e-05   1.77e-14  2.09e+00      16.0
  17    6.40623226e+04  -2.52086092e+06   8.83e-06   1.77e-14  2.10e+00      17.3
  18    6.35009533e+04  -2.45618269e+06   8.17e-06   2.13e-14  2.11e+00      18.9
  19    6.02646636e+04  -1.89210880e+06   4.30e-06   2.84e-14  2.13e+00      20.6
 Constructing starting basis...
 Iter       primal obj         dual obj       pinf       dinf       gap      time
  20    5.65928905e+04  -1.35482368e+06   2.33e-06   1.77e-14  2.17e+00      22.8
  21    5.53403416e+04  -1.06111408e+06   1.82e-06   1.77e-14  2.22e+00      23.5
  22    5.33252701e+04  -7.91336751e+05   1.41e-06   1.77e-14  2.29e+00      24.3
  23    5.17861761e+04  -7.42720240e+05   1.19e-06   1.77e-14  2.30e+00      25.2
  24    4.88826662e+04  -5.44134907e+05   8.85e-07   1.42e-14  2.39e+00      26.1
  25    4.83091645e+04  -5.31753339e+05   8.29e-07   1.60e-14  2.40e+00      26.9
  26    4.46035488e+04  -4.39802556e+05   5.30e-07   1.50e-14  2.45e+00      27.7
  27    4.37027600e+04  -4.12197596e+05   4.66e-07   1.42e-14  2.47e+00      28.5
  28    4.32055933e+04  -4.04173579e+05   4.32e-07   1.55e-14  2.48e+00      29.2
  29    4.18994760e+04  -3.31984720e+05   3.74e-07   1.42e-14  2.58e+00      29.9
  30    4.12020502e+04  -3.11347898e+05   3.36e-07   1.15e-14  2.61e+00      30.7
  31    3.89829724e+04  -2.67113365e+05   2.46e-07   1.06e-14  2.68e+00      31.4
  32    3.76656479e+04  -2.38831210e+05   2.09e-07   8.86e-15  2.75e+00      32.1
  33    3.70715712e+04  -2.35479788e+05   1.93e-07   9.75e-15  2.75e+00      32.9
  34    3.65287662e+04  -2.29454275e+05   1.74e-07   1.06e-14  2.76e+00      33.7
  35    3.52899451e+04  -1.91302472e+05   1.46e-07   9.31e-15  2.90e+00      34.4
  36    3.38899380e+04  -1.64948926e+05   1.18e-07   7.09e-15  3.03e+00      35.1
  37    3.21264815e+04  -1.42985684e+05   9.38e-08   5.98e-15  3.16e+00      35.8
  38    3.17766840e+04  -1.41659172e+05   8.87e-08   6.26e-15  3.16e+00      36.6
  39    3.07165277e+04  -1.24170706e+05   7.73e-08   5.76e-15  3.31e+00      37.3
  40    2.96697273e+04  -1.20767835e+05   6.30e-08   6.21e-15  3.30e+00      38.1
  41    2.87939569e+04  -1.15552193e+05   5.47e-08   6.65e-15  3.33e+00      38.8
  42    2.86524857e+04  -1.15258563e+05   5.25e-08   7.98e-15  3.32e+00      39.5
  43    2.75990270e+04  -9.49490969e+04   4.46e-08   5.54e-15  3.64e+00      40.1
  44    2.69606848e+04  -9.38748299e+04   3.93e-08   5.54e-15  3.61e+00      40.8
  45    2.57851031e+04  -7.51291275e+04   3.33e-08   4.43e-15  4.09e+00      41.5
  46    2.53264892e+04  -6.92704662e+04   3.07e-08   3.77e-15  4.31e+00      42.2
  47    2.45211555e+04  -6.77361318e+04   2.62e-08   3.55e-15  4.27e+00      42.9
  48    2.36139057e+04  -5.64858401e+04   2.30e-08   2.88e-15  4.87e+00      43.7
  49    2.29707713e+04  -5.27302480e+04   2.10e-08   2.88e-15  5.09e+00      44.4
  50    2.23327434e+04  -4.95322430e+04   1.89e-08   2.66e-15  5.28e+00      45.0
  51    2.21532862e+04  -4.52101073e+04   1.85e-08   2.66e-15  5.84e+00      45.7
  52    1.96590142e+04  -3.88623200e+04   1.33e-08   2.55e-15  6.09e+00      46.3
  53    1.95819642e+04  -3.87752618e+04   1.32e-08   2.88e-15  6.08e+00      46.9
  54    1.85173717e+04  -3.71645180e+04   1.12e-08   2.88e-15  5.97e+00      47.5
  55    1.82568426e+04  -3.71085969e+04   1.06e-08   3.10e-15  5.87e+00      48.1
  56    1.67522915e+04  -3.00441290e+04   8.62e-09   2.22e-15  7.04e+00      48.7
  57    1.64262367e+04  -3.00156249e+04   7.96e-09   2.44e-15  6.83e+00      49.3
  58    1.62568644e+04  -2.95775175e+04   7.69e-09   2.88e-15  6.88e+00      49.8
  59    1.52051861e+04  -2.80406274e+04   6.16e-09   2.77e-15  6.74e+00      50.4
  60    1.51619206e+04  -2.79844522e+04   6.10e-09   3.19e-15  6.73e+00      51.0
  61    1.44901228e+04  -2.78039558e+04   5.28e-09   3.32e-15  6.35e+00      51.5
  62    1.42888532e+04  -2.62456391e+04   5.06e-09   2.88e-15  6.78e+00      52.0
  63    1.28289940e+04  -1.92182618e+04   3.94e-09   2.05e-15  1.00e+01      52.6
  64    1.22998890e+04  -1.83372592e+04   3.23e-09   1.77e-15  1.01e+01      53.3
  65    1.21448648e+04  -1.70273828e+04   3.12e-09   1.77e-15  1.19e+01      53.9
  66    1.12007236e+04  -1.57242251e+04   2.27e-09   1.33e-15  1.19e+01      54.5
  67    1.00001078e+04  -1.43681507e+04   1.73e-09   1.55e-15  1.12e+01      55.1
  68    9.64960965e+03  -1.36663413e+04   1.45e-09   1.44e-15  1.16e+01      55.8
  69    8.87294314e+03  -1.08192183e+04   1.15e-09   1.33e-15  2.02e+01      56.4
  70    8.25043719e+03  -1.00854988e+04   8.86e-10   1.29e-15  2.00e+01      57.1
  71    7.46012506e+03  -8.82882420e+03   5.70e-10   1.33e-15  2.38e+01      57.7
  72    6.85630460e+03  -7.47518489e+03   4.08e-10   9.42e-16  4.62e+01      58.6
  73    5.87546928e+03  -5.12244529e+03   2.98e-10   9.42e-16  2.91e+01      59.2
  74    5.52758203e+03  -5.06447071e+03   2.31e-10   1.25e-15  4.55e+01      60.0
  75    5.50426785e+03  -4.55803532e+03   2.27e-10   1.05e-15  2.12e+01      60.7
  76    3.66272552e+03  -3.26577731e+03   9.71e-11   1.14e-15  3.47e+01      61.3
  77    3.14993711e+03  -4.34366305e+02   6.79e-11   6.65e-16  2.64e+00      62.1
  78    2.72076351e+03  -4.23028493e+02   4.13e-11   9.14e-16  2.73e+00      63.0
  79    2.52657839e+03  -2.66685763e+02   3.42e-11   1.12e-15  2.47e+00      63.6
  80    2.00009770e+03   1.01641943e+02   1.46e-11   8.86e-16  1.80e+00      64.2
  81    1.60704785e+03   7.44149408e+02   8.34e-12   8.86e-16  7.33e-01      64.9
  82    1.18695018e+03   8.58909647e+02   8.99e-13   7.76e-16  3.20e-01      65.4
  83    1.03714139e+03   1.01605779e+03   5.04e-14   7.20e-16  2.05e-02      66.0
  84    1.02684668e+03   1.02395785e+03   3.83e-15   6.65e-16  2.81e-03      66.5
  85    1.02605955e+03   1.02572175e+03   6.83e-16   7.20e-16  3.29e-04      67.0
  86    1.02600942e+03   1.02594334e+03   5.48e-16   6.65e-16  6.43e-05      67.4
  87    1.02600089e+03   1.02598869e+03   5.38e-16   6.65e-16  1.19e-05      67.6
  88    1.02600021e+03   1.02599731e+03   4.01e-16   6.65e-16  2.83e-06      67.9
  89    1.02600001e+03   1.02599942e+03   5.25e-16   6.65e-16  5.73e-07      68.1
  90    1.02600001e+03   1.02599997e+03   5.98e-16   6.65e-16  4.02e-08      68.4
  91*   1.02600000e+03   1.02600000e+03   1.88e-14   6.65e-16  2.71e-09      68.6
Summary
    Runtime:                                            68.67s
    Status interior point solve:                        optimal
    Status crossover:                                   not run
    objective value:                                    1.02600000e+03
    interior solution primal residual (abs/rel):        6.27e-13 / 4.83e-14
    interior solution dual residual (abs/rel):          1.22e-10 / 1.18e-13
    interior solution objective gap (abs/rel):          2.79e-06 / 2.71e-09
Ipx: IPM       optimal

Performed postsolve

Model status        : Optimal
IPM       iterations: 91
Objective value     :  1.0260000000e+03
P-D objective error :  3.4748412407e-11
HiGHS run time      :         68.75
window 0 [2600,3700) ub 1026 | home 114 early 113 states 22606 arcs 863925 | LP 1026.000 (68.8s) | status 7 primal 0 dual 1026.00 | 68.9s | CERTIFIED (LP)
SUMMARY: incumbent 13090, certified windows 1/1, lower bound 1026
