instance n500m10E n=500 m=10 horizon=2731 | time 60.0s seed 1 threads 1 xover ruin mu 25 lambda 40
[    0.03s] T0 new best 43296
[    0.04s] T0 new best 33156
[    0.46s] T0 new best 32983
[    0.62s] T0 gen 0 pop 50 best 32983 avg 38412.4 div 0.199 | global 32983 | moves 9323 evals 31440267
[    0.64s] T0 new best 32046
[    0.67s] T0 new best 31289
[    0.72s] T0 new best 29756
[    0.79s] T0 new best 29638
[    0.79s] T0 new best 28441
[    0.91s] T0 new best 28158
[    0.93s] T0 new best 27330
[    0.96s] T0 new best 27288
[    1.01s] T0 new best 26937
[    1.02s] T0 new best 26828
[    1.10s] T0 new best 26764
[    1.11s] T0 new best 26700
[    1.11s] T0 new best 26608
[    1.12s] T0 new best 26604
[    1.13s] T0 new best 26521
[    1.14s] T0 new best 25001
[    1.21s] T0 new best 24905
[    1.31s] T0 new best 24667
[    1.35s] T0 new best 24114
[    1.35s] T0 new best 24060
[    1.41s] T0 new best 23882
[    1.61s] T0 new best 23767
[    1.61s] T0 new best 23711
[    1.69s] T0 new best 23390
[    1.80s] T0 new best 23306
[    1.80s] T0 new best 23219
[    1.83s] T0 new best 23066
[    1.84s] T0 new best 22858
[    1.95s] T0 new best 22729
[    1.96s] T0 new best 22628
[    2.18s] T0 new best 22506
[    2.43s] T0 new best 21958
[    2.58s] T0 new best 21787
[    2.83s] T0 new best 21729
[    2.87s] T0 new best 21444
[    2.91s] T0 new best 21395
[    2.93s] T0 new best 21325
[    3.07s] T0 new best 21202
[    3.10s] T0 new best 21168
[    3.11s] T0 new best 20981
[    3.20s] T0 new best 20876
[    3.28s] T0 new best 20804
[    3.57s] T0 new best 20681
[    3.58s] T0 new best 20618
[    3.73s] T0 new best 20555
[    3.83s] T0 new best 20331
[    3.88s] T0 new best 20173
[    4.24s] T0 new best 20143
[    4.50s] T0 new best 19969
[    4.78s] T0 new best 19760
[    5.60s] T0 new best 19567
[    5.62s] T0 gen 3712 pop 31 best 19567 avg 20280.0 div 0.036 | global 19567 | moves 102859 evals 276599936
[    5.77s] T0 new best 19477
[    5.84s] T0 new best 19369
[    6.44s] T0 new best 19220
[    7.64s] T0 new best 19171
[    8.01s] T0 new best 19148
[    8.11s] T0 new best 19097
[    9.23s] T0 new best 19085
[    9.50s] T0 new best 19074
[   10.62s] T0 gen 7539 pop 45 best 19074 avg 19718.6 div 0.026 | global 19074 | moves 196607 evals 521406035
[   10.88s] T0 new best 19062
[   11.50s] T0 new best 19011
[   12.44s] T0 new best 18916
[   12.84s] T0 new best 18888
[   13.42s] T0 new best 18863
[   14.21s] T0 new best 18848
[   15.24s] T0 new best 18839
[   15.62s] T0 gen 11385 pop 37 best 18839 avg 19627.5 div 0.028 | global 18839 | moves 290924 evals 766755084
[   15.82s] T0 new best 18759
[   17.76s] T0 new best 18734
[   18.67s] T0 new best 18729
[   19.34s] T0 new best 18719
[   20.60s] T0 new best 18698
[   20.62s] T0 gen 15142 pop 63 best 18698 avg 20929.0 div 0.026 | global 18698 | moves 385122 evals 1011501105
[   22.12s] T0 new best 18696
[   25.62s] T0 gen 18711 pop 65 best 18696 avg 20396.8 div 0.031 | global 18696 | moves 473771 evals 1242048333
[   26.13s] T0 new best 18691
[   26.91s] T0 new best 18676
[   29.40s] T0 new best 18631
[   30.04s] T0 new best 18595
[   30.62s] T0 gen 22263 pop 50 best 18595 avg 19697.3 div 0.030 | global 18595 | moves 562851 evals 1474222007
[   31.53s] T0 new best 18577
[   32.63s] T0 new best 18572
[   33.77s] T0 new best 18548
[   35.03s] T0 new best 18539
[   35.59s] T0 new best 18527
[   35.62s] T0 gen 25691 pop 34 best 18527 avg 19252.8 div 0.031 | global 18527 | moves 646695 evals 1693791479
[   36.68s] T0 new best 18514
[   40.62s] T0 gen 29612 pop 60 best 18514 avg 19383.2 div 0.020 | global 18514 | moves 743901 evals 1947165857
[   41.69s] T0 new best 18511
[   42.76s] T0 new best 18509
[   45.62s] T0 gen 33463 pop 57 best 18509 avg 19494.1 div 0.025 | global 18509 | moves 840302 evals 2196437497
[   46.04s] T0 new best 18496
[   46.24s] T0 new best 18487
[   50.62s] T0 gen 37171 pop 34 best 18487 avg 19323.1 div 0.029 | global 18487 | moves 933904 evals 2441708966
[   51.60s] T0 restart #1 (pop best 18487)
[   52.21s] T0 gen 37924 pop 51 best 18487 avg 38953.7 div 0.195 | global 18487 | moves 961889 evals 2521401556
[   53.77s] T0 new best 18463
[   55.62s] T0 gen 40479 pop 64 best 18463 avg 19528.7 div 0.017 | global 18463 | moves 1025277 evals 2688083435
[   56.30s] T0 new best 18456
[   58.49s] T0 new best 18435
generations 43802 (730.0/s) | LS moves 1107663 | evals 2902683099 (48.38M/s) | restarts 1
FINAL 18435 ./runs/a_ruinS.txt
