instance n1000m15E n=1000 m=15 horizon=3626 | time 60.0s seed 2 threads 1 xover mix mu 25 lambda 40
[    0.09s] T0 new best 12928
[    0.17s] T0 new best 12068
[    0.37s] T0 new best 12017
[    0.45s] T0 new best 11322
[    1.86s] T0 new best 10693
[    3.03s] T0 gen 0 pop 42 best 10693 avg 14300.3 div 0.074 | global 10693 | moves 8701 evals 56758727
[    3.28s] T0 new best 10538
[    3.33s] T0 new best 10297
[    3.33s] T0 new best 10270
[    3.58s] T0 new best 10141
[    3.63s] T0 new best 9611
[    3.71s] T0 new best 9556
[    3.75s] T0 new best 9201
[    3.96s] T0 new best 8906
[    4.14s] T0 new best 8649
[    4.48s] T0 new best 8407
[    4.59s] T0 new best 8275
[    4.68s] T0 new best 7988
[    4.91s] T0 new best 7830
[    5.14s] T0 new best 7770
[    5.20s] T0 new best 7738
[    5.26s] T0 new best 7589
[    5.30s] T0 new best 7586
[    5.34s] T0 new best 7432
[    5.39s] T0 new best 7152
[    5.43s] T0 new best 7048
[    5.56s] T0 new best 7003
[    5.63s] T0 new best 6807
[    6.03s] T0 new best 6550
[    6.50s] T0 new best 6492
[    6.61s] T0 new best 6467
[    6.73s] T0 new best 6284
[    6.84s] T0 new best 6242
[    7.10s] T0 new best 6200
[    7.44s] T0 new best 5855
[    7.92s] T0 new best 5804
[    7.98s] T0 new best 5591
[    8.04s] T0 gen 896 pop 36 best 5591 avg 6567.8 div 0.015 | global 5591 | moves 28650 evals 172130139
[    8.13s] T0 new best 5576
[    8.57s] T0 new best 5534
[    8.88s] T0 new best 5519
[    8.91s] T0 new best 5498
[    9.04s] T0 new best 5441
[    9.56s] T0 new best 5401
[    9.73s] T0 new best 5366
[   10.66s] T0 new best 5342
[   10.98s] T0 new best 5341
[   11.07s] T0 new best 5340
[   11.28s] T0 new best 5306
[   11.36s] T0 new best 5239
[   12.22s] T0 new best 5172
[   13.03s] T0 gen 1846 pop 43 best 5172 avg 5586.9 div 0.010 | global 5172 | moves 48955 evals 286270545
[   13.46s] T0 new best 5140
[   14.17s] T0 new best 5130
[   15.37s] T0 new best 5107
[   15.99s] T0 new best 5095
[   18.03s] T0 gen 3139 pop 65 best 5095 avg 5380.5 div 0.004 | global 5095 | moves 75077 evals 439224897
[   23.03s] T0 gen 4785 pop 30 best 5095 avg 5224.1 div 0.005 | global 5095 | moves 107113 evals 627407996
[   28.03s] T0 gen 6425 pop 30 best 5095 avg 5218.0 div 0.004 | global 5095 | moves 140390 evals 818775238
[   28.30s] T0 restart #1 (pop best 5095)
[   30.23s] T0 gen 6519 pop 51 best 5095 avg 13870.7 div 0.068 | global 5095 | moves 152496 evals 896812409
[   33.03s] T0 gen 7428 pop 58 best 5095 avg 5429.9 div 0.005 | global 5095 | moves 170514 evals 1004577287
[   38.03s] T0 gen 9062 pop 52 best 5095 avg 5548.0 div 0.005 | global 5095 | moves 204914 evals 1197422706
[   42.88s] T0 restart #2 (pop best 5095)
[   44.85s] T0 gen 10520 pop 51 best 5095 avg 14025.2 div 0.068 | global 5095 | moves 247016 evals 1439441654
[   44.85s] T0 gen 10520 pop 51 best 5095 avg 14025.2 div 0.068 | global 5095 | moves 247016 evals 1439441654
[   48.03s] T0 gen 11492 pop 39 best 5095 avg 5192.0 div 0.004 | global 5095 | moves 267638 evals 1556956389
[   53.03s] T0 gen 13111 pop 59 best 5095 avg 5280.1 div 0.003 | global 5095 | moves 301473 evals 1745521174
[   57.15s] T0 restart #3 (pop best 5095)
[   58.86s] T0 gen 14521 pop 51 best 5095 avg 13809.7 div 0.068 | global 5095 | moves 341506 evals 1976335662
[   58.86s] T0 gen 14521 pop 51 best 5095 avg 13809.7 div 0.068 | global 5095 | moves 341506 evals 1976335662
generations 14886 (248.1/s) | LS moves 349606 | evals 2022081645 (33.70M/s) | restarts 3
FINAL 5095 ./runs/g_n1000m15E_ej1_s2.txt
