instance n1000m15E n=1000 m=15 horizon=3626 | time 60.0s seed 1 threads 1 xover mix mu 25 lambda 40
[    0.09s] T0 new best 14306
[    0.29s] T0 new best 14105
[    0.50s] T0 new best 14095
[    0.71s] T0 new best 13137
[    0.93s] T0 new best 12385
[    1.28s] T0 new best 12015
[    1.42s] T0 new best 11728
[    1.57s] T0 new best 11420
[    3.03s] T0 new best 10767
[    3.03s] T0 gen 0 pop 42 best 10767 avg 14344.5 div 0.074 | global 10767 | moves 8459 evals 56706030
[    3.10s] T0 new best 10681
[    3.29s] T0 new best 10569
[    3.30s] T0 new best 10436
[    3.36s] T0 new best 10375
[    3.39s] T0 new best 9893
[    3.59s] T0 new best 9774
[    3.63s] T0 new best 9664
[    3.69s] T0 new best 9535
[    3.75s] T0 new best 9231
[    3.82s] T0 new best 9219
[    4.01s] T0 new best 8959
[    4.02s] T0 new best 8952
[    4.15s] T0 new best 8773
[    4.16s] T0 new best 8664
[    4.23s] T0 new best 8234
[    4.57s] T0 new best 7813
[    4.96s] T0 new best 7803
[    5.29s] T0 new best 7575
[    5.42s] T0 new best 7446
[    5.55s] T0 new best 7311
[    5.67s] T0 new best 7251
[    5.84s] T0 new best 7232
[    5.92s] T0 new best 7176
[    5.93s] T0 new best 6963
[    6.09s] T0 new best 6949
[    6.11s] T0 new best 6793
[    6.31s] T0 new best 6743
[    6.43s] T0 new best 6629
[    6.72s] T0 new best 6602
[    6.78s] T0 new best 6586
[    6.82s] T0 new best 6451
[    7.36s] T0 new best 6440
[    7.39s] T0 new best 6433
[    7.49s] T0 new best 6411
[    7.56s] T0 new best 6289
[    7.87s] T0 new best 6229
[    8.03s] T0 gen 885 pop 25 best 6229 avg 7147.1 div 0.031 | global 6229 | moves 27973 evals 172116001
[    8.08s] T0 new best 6218
[    8.12s] T0 new best 6154
[    8.23s] T0 new best 6109
[    8.37s] T0 new best 6103
[    8.45s] T0 new best 6089
[    8.54s] T0 new best 5957
[    8.58s] T0 new best 5921
[    8.59s] T0 new best 5773
[    9.27s] T0 new best 5670
[    9.40s] T0 new best 5656
[    9.51s] T0 new best 5593
[    9.61s] T0 new best 5485
[   10.26s] T0 new best 5457
[   10.58s] T0 new best 5411
[   11.04s] T0 new best 5355
[   12.14s] T0 new best 5347
[   12.14s] T0 new best 5317
[   12.50s] T0 new best 5302
[   12.92s] T0 new best 5276
[   13.03s] T0 gen 1817 pop 55 best 5276 avg 5627.1 div 0.009 | global 5276 | moves 47853 evals 283348233
[   13.13s] T0 new best 5270
[   13.14s] T0 new best 5204
[   15.26s] T0 new best 5144
[   16.02s] T0 new best 5118
[   18.03s] T0 gen 3075 pop 42 best 5118 avg 5347.1 div 0.005 | global 5118 | moves 75580 evals 435430593
[   18.43s] T0 new best 5095
[   23.03s] T0 gen 4201 pop 61 best 5095 avg 5402.8 div 0.004 | global 5095 | moves 100515 evals 571027696
[   28.04s] T0 gen 5217 pop 52 best 5095 avg 5419.7 div 0.005 | global 5095 | moves 122720 evals 691963008
[   33.03s] T0 gen 6212 pop 63 best 5095 avg 5578.9 div 0.005 | global 5095 | moves 143315 evals 807031760
[   38.03s] T0 gen 7187 pop 54 best 5095 avg 5405.8 div 0.005 | global 5095 | moves 162453 evals 920945212
[   38.04s] T0 restart #1 (pop best 5095)
[   41.06s] T0 gen 7188 pop 43 best 5095 avg 13893.1 div 0.070 | global 5095 | moves 170868 evals 977563163
[   43.03s] T0 gen 7541 pop 27 best 5095 avg 5365.2 div 0.006 | global 5095 | moves 178033 evals 1019416170
[   48.04s] T0 gen 8444 pop 28 best 5095 avg 5319.5 div 0.005 | global 5095 | moves 197861 evals 1125707506
[   53.03s] T0 gen 9357 pop 39 best 5095 avg 5289.9 div 0.005 | global 5095 | moves 218888 evals 1236365853
[   58.03s] T0 gen 10366 pop 64 best 5095 avg 5413.4 div 0.004 | global 5095 | moves 241525 evals 1358329873
generations 10777 (179.6/s) | LS moves 249941 | evals 1407179364 (23.45M/s) | restarts 1
FINAL 5095 ./runs/g_n1000m15E_ej1_s1.txt
