instance ../../instances/n700m12E.txt n=700 m=12 time=300s seed=1 threads=1 sp=0 out=cpp700/s1.txt
greedy cost 54819
  t=    0.0 best 27010
  t=    0.6 best 14764
  t=    1.1 best 14024
  t=    2.1 best 13791
  t=    3.9 best 13738
  t=    5.3 best 13722
  t=    6.8 best 13626
  t=    7.8 best 13560
  t=    8.3 best 13479
  t=   13.7 best 13444
  t=   14.2 best 13364
  t=   36.4 best 13219
  t=   46.8 best 13148
  t=   63.4 best 13126
  t=   71.7 best 13090
round 1 [t=300]: ils 54819 -> 13090 |
final 13090 | time 300.0s | threads 1 | iters 803648 (2679/s) acc 629576 | evals 8268300923 (27.56M/s) | pool 0 | SP solves 0 improved 0 avg 0.00s max 0.00s maxcols 0
wrote cpp700/s1.txt cost 13090
