instance ../../instances/n700m12E.txt n=700 m=12 time=300s seed=4 threads=1 sp=0 out=cpp700/s4.txt
greedy cost 54819
  t=    0.0 best 29431
  t=    0.6 best 14379
  t=    1.3 best 14245
  t=    1.8 best 13868
  t=    3.0 best 13717
  t=    4.0 best 13544
  t=    9.6 best 13388
  t=   11.2 best 13343
  t=   23.2 best 13233
  t=   40.1 best 13230
  t=   48.7 best 13213
  t=   60.8 best 13198
  t=   64.2 best 13194
  t=   73.0 best 13182
  t=   74.7 best 13171
  t=   75.4 best 13121
  t=   75.9 best 13090
round 1 [t=300]: ils 54819 -> 13090 |
final 13090 | time 300.0s | threads 1 | iters 783968 (2613/s) acc 614888 | evals 8072865006 (26.91M/s) | pool 0 | SP solves 0 improved 0 avg 0.00s max 0.00s maxcols 0
wrote cpp700/s4.txt cost 13090
