instance ../../instances/n700m12E.txt n=700 m=12 time=120s seed=1 threads=1 sp=0 out=cpp700/t120_s1.txt
greedy cost 54819
  t=    0.0 best 27010
  t=    0.5 best 15476
  t=    1.1 best 14434
  t=    1.6 best 14043
  t=    3.3 best 13835
  t=    4.2 best 13614
  t=    5.0 best 13608
  t=    6.8 best 13430
  t=    9.2 best 13428
  t=    9.7 best 13393
  t=   10.7 best 13362
  t=   11.9 best 13359
  t=   13.5 best 13339
  t=   14.1 best 13316
  t=   14.6 best 13229
  t=   29.8 best 13135
round 1 [t=120]: ils 54819 -> 13090 |
final 13090 | time 120.0s | threads 1 | iters 286848 (2390/s) acc 224723 | evals 2950186856 (24.58M/s) | pool 0 | SP solves 0 improved 0 avg 0.00s max 0.00s maxcols 0
wrote cpp700/t120_s1.txt cost 13090
