instance ../../instances/n700m12E.txt n=700 m=12 time=120s seed=2 threads=1 sp=0 out=cpp700/t120_s2.txt
greedy cost 54819
  t=    0.0 best 31726
  t=    0.6 best 16355
  t=    1.2 best 14613
  t=    1.9 best 14447
  t=    2.4 best 14318
  t=    2.9 best 14065
  t=    4.2 best 14027
  t=    6.5 best 13863
  t=    7.4 best 13779
  t=    7.9 best 13621
  t=    9.0 best 13599
  t=   12.1 best 13462
  t=   12.7 best 13445
  t=   13.8 best 13416
  t=   15.4 best 13396
  t=   16.2 best 13354
  t=   68.2 best 13335
  t=   75.8 best 13090
round 1 [t=120]: ils 54819 -> 13090 |
final 13090 | time 120.0s | threads 1 | iters 309120 (2576/s) acc 242568 | evals 3182033708 (26.52M/s) | pool 0 | SP solves 0 improved 0 avg 0.00s max 0.00s maxcols 0
wrote cpp700/t120_s2.txt cost 13090
