instance ../../instances/n700m12E.txt n=700 m=12 time=60s seed=1 threads=1 sp=0 out=cpp700/t60_s1.txt
greedy cost 54819
  t=    0.0 best 27010
  t=    0.5 best 15476
  t=    1.1 best 14434
  t=    1.6 best 14043
  t=    2.3 best 13909
  t=    6.1 best 13751
  t=    7.5 best 13741
  t=    8.1 best 13689
  t=   12.7 best 13651
  t=   14.0 best 13493
  t=   14.8 best 13487
  t=   35.9 best 13286
  t=   36.7 best 13269
  t=   40.3 best 13201
  t=   40.9 best 13192
  t=   42.8 best 13183
round 1 [t=60]: ils 54819 -> 13174 |
final 13174 | time 60.0s | threads 1 | iters 119328 (1988/s) acc 94528 | evals 1214431322 (20.24M/s) | pool 0 | SP solves 0 improved 0 avg 0.00s max 0.00s maxcols 0
wrote cpp700/t60_s1.txt cost 13174
