instance ../../instances/n700m12E.txt n=700 m=12 time=60s seed=5 threads=1 sp=0 out=cpp700/t60_s5.txt
greedy cost 54819
  t=    0.0 best 29297
  t=    0.6 best 14527
  t=    1.2 best 14382
  t=    1.7 best 14090
  t=    2.7 best 14062
  t=    3.3 best 13911
  t=    3.8 best 13808
  t=    4.5 best 13551
  t=    8.1 best 13550
  t=    8.7 best 13353
  t=    9.7 best 13267
  t=   11.3 best 13262
  t=   12.7 best 13227
  t=   13.8 best 13223
  t=   14.4 best 13154
  t=   18.8 best 13147
  t=   19.4 best 13137
  t=   21.8 best 13116
round 1 [t=60]: ils 54819 -> 13090 |
final 13090 | time 60.0s | threads 1 | iters 132960 (2216/s) acc 104469 | evals 1372736440 (22.88M/s) | pool 0 | SP solves 0 improved 0 avg 0.00s max 0.00s maxcols 0
wrote cpp700/t60_s5.txt cost 13090
