instance ../../instances/n500m10E.txt n=500 m=10 time=25s seed=4 sp=1 out=out/sp_n500.txt
greedy cost 71890
Running HiGHS 1.15.1 (git hash: 04024d7): Copyright (c) 2026 under MIT licence terms
Includes third-party software components, see THIRD_PARTY_NOTICES.md for full details
MIP has 501 rows; 4000 cols; 203427 nonzeros; 4000 integer variables (4000 binary)
Coefficient ranges:
  Matrix  [1e+00, 1e+00]
  Cost    [2e+02, 5e+03]
  Bound   [1e+00, 1e+00]
  RHS     [1e+00, 1e+01]
Assessing feasibility of MIP using primal feasibility and integrality tolerance of       1e-06
Solution has               num          max          sum
Col     infeasibilities      0            0            0
Integer infeasibilities      0            0            0
Row     infeasibilities      0            0            0
Row     residuals            0            0            0
Presolving model
501 rows, 4000 cols, 203427 nonzeros 0s
314 rows, 3997 cols, 125319 nonzeros 10s
Presolve reductions: rows 314(-187); columns 3997(-3); nonzeros 125319(-78108) 

MIP start solution is feasible, objective value is 18468
Objective function is integral with scale 1

Solving MIP model with:
   314 rows
   3997 cols (3997 binary, 0 integer, 0 implied int., 0 continuous, 0 domain fixed)
   125319 nonzeros
   Thread count 1 (of 20 threads). Using 1 max workers. Parallel search off

Src: B => Branching; C => Central rounding; F => Feasibility pump; H => Heuristic;
     I => Shifting; J => Feasibility jump; L => Sub-MIP; P => Empty MIP; R => Randomized rounding;
     S => Solve LP; T => Evaluate node; U => Unbounded; X => User solution; Y => HiGHS solution;
     Z => ZI Round; l => Trivial lower; p => Trivial point; u => Trivial upper; z => Trivial zero

        Nodes      |    B&B Tree     |            Objective Bounds              |  Dynamic Constraints |       Work      
Src  Proc. InQueue |  Leaves   Expl. | BestBound       BestSol              Gap |   Cuts   InLp Confl. | LpIters     Time

         0       0         0   0.00%   0               18468            100.00%        0      0      0         0    10.8s
         1       0         1 100.00%   18468           18468              0.00%        0      0      0      2932    11.9s

Solving report
  Status            Optimal
  Primal bound      18468
  Dual bound        18468
  Gap               0% (tolerance: 0.00541%)
  P-D integral      1.12499928474
  Solution status   feasible
                    18468 (objective)
                    0 (bound viol.)
                    0 (int. viol.)
                    0 (row viol.)
  Timing            11.95
                    10.61 (Presolve)
                    1.34 (Solve)
                    0.00 (Postsolve)
  Max sub-MIP depth 0
  Nodes             1
  Repair LPs        0
  LP iterations     2932
                    0 (strong br.)
                    0 (separation)
                    0 (heuristics)
round 1: ils 71890 -> 18468 | SP cols 4000/19523 -> feas 18468 (bound 18468, 12.0s)
Running HiGHS 1.15.1 (git hash: 04024d7): Copyright (c) 2026 under MIT licence terms
Includes third-party software components, see THIRD_PARTY_NOTICES.md for full details
MIP has 501 rows; 4000 cols; 202968 nonzeros; 4000 integer variables (4000 binary)
Coefficient ranges:
  Matrix  [1e+00, 1e+00]
  Cost    [1e+02, 5e+03]
  Bound   [1e+00, 1e+00]
  RHS     [1e+00, 1e+01]
Assessing feasibility of MIP using primal feasibility and integrality tolerance of       1e-06
Solution has               num          max          sum
Col     infeasibilities      0            0            0
Integer infeasibilities      0            0            0
Row     infeasibilities      0            0            0
Row     residuals            0            0            0
Presolving model
501 rows, 4000 cols, 202968 nonzeros 0s
Time limit reached in probing: consider not using probing by setting option presolve_rule_off to 2^15 = 32768
Presolve reductions: rows 325(-176); columns 3999(-1); nonzeros 129354(-73614) 
Presolve: Time limit reached

Src: B => Branching; C => Central rounding; F => Feasibility pump; H => Heuristic;
     I => Shifting; J => Feasibility jump; L => Sub-MIP; P => Empty MIP; R => Randomized rounding;
     S => Solve LP; T => Evaluate node; U => Unbounded; X => User solution; Y => HiGHS solution;
     Z => ZI Round; l => Trivial lower; p => Trivial point; u => Trivial upper; z => Trivial zero

        Nodes      |    B&B Tree     |            Objective Bounds              |  Dynamic Constraints |       Work      
Src  Proc. InQueue |  Leaves   Expl. | BestBound       BestSol              Gap |   Cuts   InLp Confl. | LpIters     Time

         0       0         0   0.00%   -inf            inf                  inf        0      0      0         0     2.0s

Solving report
  Status            Time limit reached
  Primal bound      inf
  Dual bound        -inf
  Gap               inf
  P-D integral      0
  Solution status   feasible
                    18466 (objective)
                    0 (bound viol.)
                    0 (int. viol.)
                    0 (row viol.)
  Timing            2.04
                    2.04 (Presolve)
                    0.00 (Solve)
                    0.00 (Postsolve)
  Max sub-MIP depth 0
  Nodes             0
  Repair LPs        0
  LP iterations     0
round 2: ils 18468 -> 18466 | SP cols 4000/25780 -> feas 18466 (bound -inf, 2.0s)
final 18466 | time 25.5s | iters 39520 (1547/s) acc 30466 | evals 335518838 (13.13M/s) | pool 25780 | SP solves 2 improved 0 avg 7.00s max 11.96s
